Archive member included to satisfy reference by file (symbol)

build/native/contiki-ng-native.a(clock.o)
                              mqtt-client.o (clock_seconds)
build/native/contiki-ng-native.a(mqtt.o)
                              mqtt-client.o (mqtt_disconnect)
build/native/contiki-ng-native.a(contiki-main.o)
                              /usr/lib/gcc/i686-linux-gnu/5/../../../i386-linux-gnu/crt1.o (main)
build/native/contiki-ng-native.a(autostart.o)
                              build/native/contiki-ng-native.a(contiki-main.o) (autostart_start)
build/native/contiki-ng-native.a(ctimer.o)
                              build/native/contiki-ng-native.a(contiki-main.o) (ctimer_init)
build/native/contiki-ng-native.a(energest.o)
                              build/native/contiki-ng-native.a(contiki-main.o) (energest_init)
build/native/contiki-ng-native.a(etimer.o)
                              build/native/contiki-ng-native.a(contiki-main.o) (etimer_process)
build/native/contiki-ng-native.a(log.o)
                              build/native/contiki-ng-native.a(contiki-main.o) (curr_log_level_main)
build/native/contiki-ng-native.a(process.o)
                              build/native/contiki-ng-native.a(mqtt.o) (process_current)
build/native/contiki-ng-native.a(rtimer.o)
                              build/native/contiki-ng-native.a(contiki-main.o) (rtimer_init)
build/native/contiki-ng-native.a(node-id.o)
                              build/native/contiki-ng-native.a(contiki-main.o) (node_id)
build/native/contiki-ng-native.a(timer.o)
                              mqtt-client.o (timer_set)
build/native/contiki-ng-native.a(list.o)
                              build/native/contiki-ng-native.a(mqtt.o) (list_init)
build/native/contiki-ng-native.a(button-hal.o)
                              mqtt-client.o (button_hal_release_event)
build/native/contiki-ng-native.a(leds.o)
                              mqtt-client.o (leds_off)
build/native/contiki-ng-native.a(gpio-hal.o)
                              build/native/contiki-ng-native.a(button-hal.o) (gpio_hal_register_handler)
build/native/contiki-ng-native.a(queuebuf.o)
                              build/native/contiki-ng-native.a(contiki-main.o) (queuebuf_init)
build/native/contiki-ng-native.a(packetbuf.o)
                              build/native/contiki-ng-native.a(queuebuf.o) (packetbuf_copyfrom)
build/native/contiki-ng-native.a(netstack.o)
                              build/native/contiki-ng-native.a(contiki-main.o) (netstack_init)
build/native/contiki-ng-native.a(linkaddr.o)
                              mqtt-client.o (linkaddr_node_addr)
build/native/contiki-ng-native.a(nullmac.o)
                              build/native/contiki-ng-native.a(contiki-main.o) (nullmac_driver)
build/native/contiki-ng-native.a(uipbuf.o)
                              mqtt-client.o (uipbuf_get_attr)
build/native/contiki-ng-native.a(uip-icmp6.o)
                              mqtt-client.o (uip_icmp6_send)
build/native/contiki-ng-native.a(uip-ds6.o)
                              build/native/contiki-ng-native.a(uip-icmp6.o) (uip_ds6_if)
build/native/contiki-ng-native.a(tcp-socket.o)
                              build/native/contiki-ng-native.a(mqtt.o) (tcp_socket_register)
build/native/contiki-ng-native.a(tcpip.o)
                              build/native/contiki-ng-native.a(tcp-socket.o) (tcpip_event)
build/native/contiki-ng-native.a(uip-ds6-route.o)
                              build/native/contiki-ng-native.a(uip-ds6.o) (uip_ds6_route_init)
build/native/contiki-ng-native.a(uip6.o)
                              build/native/contiki-ng-native.a(contiki-main.o) (uip_lladdr)
build/native/contiki-ng-native.a(uip-ds6-nbr.o)
                              build/native/contiki-ng-native.a(uip-ds6.o) (uip_ds6_neighbors_init)
build/native/contiki-ng-native.a(uip-nd6.o)
                              build/native/contiki-ng-native.a(uip6.o) (uip_nd6_init)
build/native/contiki-ng-native.a(uiplib.o)
                              build/native/contiki-ng-native.a(mqtt.o) (uiplib_ip6addrconv)
build/native/contiki-ng-native.a(rpl.o)
                              build/native/contiki-ng-native.a(contiki-main.o) (rpl_lite_driver)
build/native/contiki-ng-native.a(rpl-icmp6.o)
                              build/native/contiki-ng-native.a(rpl.o) (rpl_icmp6_init)
build/native/contiki-ng-native.a(rpl-dag.o)
                              build/native/contiki-ng-native.a(rpl.o) (curr_instance)
build/native/contiki-ng-native.a(rpl-dag-root.o)
                              build/native/contiki-ng-native.a(rpl.o) (rpl_dag_root_is_root)
build/native/contiki-ng-native.a(platform.o)
                              build/native/contiki-ng-native.a(contiki-main.o) (platform_process_args)
build/native/contiki-ng-native.a(buttons.o)
                              build/native/contiki-ng-native.a(button-hal.o) (button_hal_buttons)
build/native/contiki-ng-native.a(tun6-net.o)
[...]
Memory Configuration

Name             Origin             Length             Attributes
*default*        0x0000000000000000 0xffffffffffffffff

Linker script and memory map

LOAD /usr/lib/gcc/i686-linux-gnu/5/../../../i386-linux-gnu/crt1.o
LOAD /usr/lib/gcc/i686-linux-gnu/5/../../../i386-linux-gnu/crti.o
LOAD /usr/lib/gcc/i686-linux-gnu/5/crtbegin.o
LOAD mqtt-client.o
LOAD build/native/contiki-ng-native.a
LOAD /usr/lib/gcc/i686-linux-gnu/5/../../../i386-linux-gnu/librt.so
LOAD /usr/lib/gcc/i686-linux-gnu/5/libgcc.a
LOAD /usr/lib/gcc/i686-linux-gnu/5/libgcc_s.so
LOAD /usr/lib/gcc/i686-linux-gnu/5/../../../i386-linux-gnu/libc.so
START GROUP
LOAD /lib/i386-linux-gnu/libc.so.6
LOAD /usr/lib/i386-linux-gnu/libc_nonshared.a
LOAD /lib/i386-linux-gnu/ld-linux.so.2
END GROUP
LOAD /usr/lib/gcc/i686-linux-gnu/5/libgcc.a
LOAD /usr/lib/gcc/i686-linux-gnu/5/libgcc_s.so
LOAD /usr/lib/gcc/i686-linux-gnu/5/crtend.o
LOAD /usr/lib/gcc/i686-linux-gnu/5/../../../i386-linux-gnu/crtn.o
                [!provide]                        PROVIDE (__executable_start, 0x8048000)
                0x0000000008048154                . = (0x8048000 + SIZEOF_HEADERS)

.interp         0x0000000008048154       0x13
 *(.interp)
 .interp        0x0000000008048154       0x13 /usr/lib/gcc/i686-linux-gnu/5/../../../i386-linux-gnu/crt1.o

.note.ABI-tag   0x0000000008048168       0x20
 .note.ABI-tag  0x0000000008048168       0x20 /usr/lib/gcc/i686-linux-gnu/5/../../../i386-linux-gnu/crt1.o

.note.gnu.build-id
                0x0000000008048188       0x24
 *(.note.gnu.build-id)
 .note.gnu.build-id
                0x0000000008048188       0x24 /usr/lib/gcc/i686-linux-gnu/5/../../../i386-linux-gnu/crt1.o

.hash
 *(.hash)

.gnu.hash       0x00000000080481ac     0x125c
 *(.gnu.hash)
 .gnu.hash      0x00000000080481ac     0x125c /usr/lib/gcc/i686-linux-gnu/5/../../../i386-linux-gnu/crt1.o

.dynsym         0x0000000008049408     0x2330
 *(.dynsym)
 .dynsym        0x0000000008049408     0x2330 /usr/lib/gcc/i686-linux-gnu/5/../../../i386-linux-gnu/crt1.o

.dynstr         0x000000000804b738     0x272e
 *(.dynstr)
 .dynstr        0x000000000804b738     0x272e /usr/lib/gcc/i686-linux-gnu/5/../../../i386-linux-gnu/crt1.o

.gnu.version    0x000000000804de66      0x466
 *(.gnu.version)
 .gnu.version   0x000000000804de66      0x466 /usr/lib/gcc/i686-linux-gnu/5/../../../i386-linux-gnu/crt1.o

.gnu.version_d  0x000000000804e2cc        0x0
 *(.gnu.version_d)
 .gnu.version_d
                0x000000000804e2cc        0x0 /usr/lib/gcc/i686-linux-gnu/5/../../../i386-linux-gnu/crt1.o

.gnu.version_r  0x000000000804e2cc       0x60
 *(.gnu.version_r)
 .gnu.version_r
                0x000000000804e2cc       0x60 /usr/lib/gcc/i686-linux-gnu/5/../../../i386-linux-gnu/crt1.o

.rel.dyn        0x000000000804e32c       0x18
 *(.rel.init)
 *(.rel.text .rel.text.* .rel.gnu.linkonce.t.*)
 .rel.text      0x000000000804e32c        0x0 /usr/lib/gcc/i686-linux-gnu/5/../../../i386-linux-gnu/crt1.o
 *(.rel.fini)
 *(.rel.rodata .rel.rodata.* .rel.gnu.linkonce.r.*)
 .rel.rodata    0x000000000804e32c        0x0 /usr/lib/gcc/i686-linux-gnu/5/../../../i386-linux-gnu/crt1.o
 *(.rel.data.rel.ro .rel.data.rel.ro.* .rel.gnu.linkonce.d.rel.ro.*)
 *(.rel.data .rel.data.* .rel.gnu.linkonce.d.*)
 *(.rel.tdata .rel.tdata.* .rel.gnu.linkonce.td.*)
 *(.rel.tbss .rel.tbss.* .rel.gnu.linkonce.tb.*)
 *(.rel.ctors)
 *(.rel.dtors)
 *(.rel.got)
 .rel.got       0x000000000804e32c        0x8 /usr/lib/gcc/i686-linux-gnu/5/../../../i386-linux-gnu/crt1.o
 *(.rel.bss .rel.bss.* .rel.gnu.linkonce.b.*)
 .rel.bss       0x000000000804e334       0x10 /usr/lib/gcc/i686-linux-gnu/5/../../../i386-linux-gnu/crt1.o
 *(.rel.ifunc)

.rel.plt        0x000000000804e344      0x120
 *(.rel.plt)
 .rel.plt       0x000000000804e344      0x120 /usr/lib/gcc/i686-linux-gnu/5/../../../i386-linux-gnu/crt1.o
                [!provide]                        PROVIDE (__rel_iplt_start, .)
 *(.rel.iplt)
 .rel.iplt      0x000000000804e464        0x0 /usr/lib/gcc/i686-linux-gnu/5/../../../i386-linux-gnu/crt1.o
                [!provide]                        PROVIDE (__rel_iplt_end, .)

.init           0x000000000804e464       0x23
 *(SORT(.init))
 .init          0x000000000804e464       0x1e /usr/lib/gcc/i686-linux-gnu/5/../../../i386-linux-gnu/crti.o
                0x000000000804e464                _init
 .init          0x000000000804e482        0x5 /usr/lib/gcc/i686-linux-gnu/5/../../../i386-linux-gnu/crtn.o

.plt            0x000000000804e490      0x250
 *(.plt)
 .plt           0x000000000804e490      0x250 /usr/lib/gcc/i686-linux-gnu/5/../../../i386-linux-gnu/crt1.o
                0x000000000804e4a0                setitimer@@GLIBC_2.0
                0x000000000804e4b0                strcmp@@GLIBC_2.0
                0x000000000804e4c0                read@@GLIBC_2.0
                0x000000000804e4d0                printf@@GLIBC_2.0
                0x000000000804e4e0                fflush@@GLIBC_2.0
                0x000000000804e4f0                memmove@@GLIBC_2.0
                0x000000000804e500                memcpy@@GLIBC_2.0
                0x000000000804e510                signal@@GLIBC_2.0
                0x000000000804e520                memcmp@@GLIBC_2.0
                0x000000000804e530                select@@GLIBC_2.0
                0x000000000804e540                __stack_chk_fail@@GLIBC_2.4
                0x000000000804e550                err@@GLIBC_2.0
                0x000000000804e560                ioctl@@GLIBC_2.0
                0x000000000804e570                perror@@GLIBC_2.0
                0x000000000804e580                __cxa_atexit@@GLIBC_2.1.3
                0x000000000804e590                puts@@GLIBC_2.0
                0x000000000804e5a0                system@@GLIBC_2.0
                0x000000000804e5b0                exit@@GLIBC_2.0
                0x000000000804e5c0                open@@GLIBC_2.0
                0x000000000804e5d0                srand@@GLIBC_2.0
                0x000000000804e5e0                strlen@@GLIBC_2.0
                0x000000000804e5f0                __libc_start_main@@GLIBC_2.0
                0x000000000804e600                fprintf@@GLIBC_2.0
                0x000000000804e610                write@@GLIBC_2.0
                0x000000000804e620                setvbuf@@GLIBC_2.0
                0x000000000804e630                memset@@GLIBC_2.0
                0x000000000804e640                snprintf@@GLIBC_2.0
                0x000000000804e650                putchar@@GLIBC_2.0
                0x000000000804e660                __errno_location@@GLIBC_2.0
                0x000000000804e670                strncpy@@GLIBC_2.0
                0x000000000804e680                strncasecmp@@GLIBC_2.0
                0x000000000804e690                rand@@GLIBC_2.0
                0x000000000804e6a0                vsnprintf@@GLIBC_2.0
                0x000000000804e6b0                clock_gettime@@GLIBC_2.2
                0x000000000804e6c0                strncmp@@GLIBC_2.0
                0x000000000804e6d0                close@@GLIBC_2.0
 *(.iplt)
 .iplt          0x000000000804e6e0        0x0 /usr/lib/gcc/i686-linux-gnu/5/../../../i386-linux-gnu/crt1.o

.plt.got        0x000000000804e6e0        0x8
 *(.plt.got)
 .plt.got       0x000000000804e6e0        0x8 /usr/lib/gcc/i686-linux-gnu/5/../../../i386-linux-gnu/crt1.o

.text           0x000000000804e6f0    0x150d4
 *(.text.unlikely .text.*_unlikely .text.unlikely.*)
 .text.unlikely
                0x000000000804e6f0        0x0 /usr/lib/gcc/i686-linux-gnu/5/crtbegin.o
 .text.unlikely
                0x000000000804e6f0        0x0 /usr/lib/i386-linux-gnu/libc_nonshared.a(elf-init.oS)
 .text.unlikely
                0x000000000804e6f0        0x0 /usr/lib/i386-linux-gnu/libc_nonshared.a(atexit.oS)
 *(.text.exit .text.exit.*)
 *(.text.startup .text.startup.*)
 *(.text.hot .text.hot.*)
 *(.text .stub .text.* .gnu.linkonce.t.*)
 .text          0x000000000804e6f0       0x22 /usr/lib/gcc/i686-linux-gnu/5/../../../i386-linux-gnu/crt1.o
                0x000000000804e6f0                _start
 .text          0x000000000804e712        0x0 /usr/lib/gcc/i686-linux-gnu/5/../../../i386-linux-gnu/crti.o
 *fill*         0x000000000804e712        0xe 
 .gnu.linkonce.t.__x86.get_pc_thunk.bx
                0x000000000804e720        0x4 /usr/lib/gcc/i686-linux-gnu/5/../../../i386-linux-gnu/crti.o
                0x000000000804e720                __x86.get_pc_thunk.bx
 *fill*         0x000000000804e724        0xc 
 .text          0x000000000804e730       0xbb /usr/lib/gcc/i686-linux-gnu/5/crtbegin.o
 .text          0x000000000804e7eb      0xc6a mqtt-client.o
 .text          0x000000000804f455       0xe9 build/native/contiki-ng-native.a(clock.o)
                0x000000000804f4a2                clock_time
                0x000000000804f4fc                clock_seconds
                0x000000000804f532                clock_delay
                0x000000000804f538                clock_init
 .text          0x000000000804f53e     0x3967 build/native/contiki-ng-native.a(mqtt.o)
                0x000000000804f8e0                mqtt_decode_var_byte_int
                0x000000000804f9c9                mqtt_encode_var_byte_int
                0x0000000008052864                mqtt_init
                0x000000000805292c                mqtt_register
                0x00000000080529c9                mqtt_connect
                0x0000000008052af7                mqtt_disconnect
                0x0000000008052b35                mqtt_subscribe
                0x0000000008052c08                mqtt_unsubscribe
                0x0000000008052ccf                mqtt_publish
                0x0000000008052dc6                mqtt_set_username_password
                0x0000000008052e51                mqtt_set_last_will
 .text          0x0000000008052ea5      0x339 build/native/contiki-ng-native.a(contiki-main.o)
                0x0000000008052ea5                main
 .text          0x00000000080531de       0x92 build/native/contiki-ng-native.a(autostart.o)
                0x00000000080531de                autostart_start
                0x0000000008053228                autostart_exit
 .text          0x0000000008053270      0x355 build/native/contiki-ng-native.a(ctimer.o)
                0x0000000008053398                ctimer_init
                0x00000000080533cb                ctimer_set
                0x00000000080533f1                ctimer_set_with_process
                0x000000000805346e                ctimer_reset
                0x00000000080534c2                ctimer_restart
                0x0000000008053516                ctimer_stop
                0x0000000008053566                ctimer_expired
 .text          0x00000000080535c5       0x1b build/native/contiki-ng-native.a(energest.o)
                0x00000000080535c5                energest_init
                0x00000000080535cb                energest_flush
                0x00000000080535d1                energest_get_total_time
 .text          0x00000000080535e0      0x43f build/native/contiki-ng-native.a(etimer.o)
                0x0000000008053804                etimer_request_poll
                0x000000000805388d                etimer_set
                0x00000000080538b6                etimer_reset_with_new_interval
                0x00000000080538e5                etimer_reset
                0x000000000805390b                etimer_restart
                0x0000000008053931                etimer_adjust
                0x000000000805394e                etimer_expired
                0x0000000008053961                etimer_expiration_time
                0x0000000008053973                etimer_start_time
                0x000000000805397d                etimer_pending
                0x000000000805398f                etimer_next_expiration_time
                0x00000000080539a9                etimer_stop
 .text          0x0000000008053a1f      0x3d4 build/native/contiki-ng-native.a(log.o)
                0x0000000008053a1f                log_6addr
                0x0000000008053a72                log_6addr_compact_snprint
                0x0000000008053b10                log_6addr_compact
                0x0000000008053b63                log_lladdr
                0x0000000008053bd2                log_lladdr_compact
                0x0000000008053c3a                log_bytes
                0x0000000008053c7d                log_set_level
                0x0000000008053d38                log_get_level
                0x0000000008053db1                log_level_to_str
 .text          0x0000000008053df3      0x4fb build/native/contiki-ng-native.a(process.o)
                0x0000000008053df3                process_alloc_event
                0x0000000008053e08                process_start
                0x0000000008053fe2                process_exit
                0x0000000008053fff                process_init
                0x0000000008054194                process_run
                0x00000000080541c7                process_nevents
                0x00000000080541e2                process_post
                0x0000000008054275                process_post_synch
                0x00000000080542aa                process_poll
                0x00000000080542da                process_is_running
 .text          0x00000000080542ee       0xc6 build/native/contiki-ng-native.a(rtimer.o)
                0x00000000080542ee                rtimer_init
                0x00000000080542fc                rtimer_set
                0x0000000008054356                rtimer_run_next
 .text          0x00000000080543b4       0x25 build/native/contiki-ng-native.a(node-id.o)
                0x00000000080543b4                node_id_init
 .text          0x00000000080543d9       0xb1 build/native/contiki-ng-native.a(timer.o)
                0x00000000080543d9                timer_set
                0x00000000080543f7                timer_reset
                0x0000000008054424                timer_restart
                0x0000000008054439                timer_expired
                0x0000000008054466                timer_remaining
 .text          0x000000000805448a      0x28f build/native/contiki-ng-native.a(list.o)
                0x000000000805448a                list_init
                0x0000000008054499                list_head
                0x00000000080544a3                list_copy
                0x00000000080544b3                list_tail
                0x00000000080544e9                list_add
                0x0000000008054535                list_push
                0x0000000008054561                list_chop
                0x00000000080545cb                list_pop
                0x00000000080545f3                list_remove
                0x000000000805465b                list_length
                0x0000000008054689                list_insert
                0x00000000080546ce                list_item_next
                0x00000000080546e5                list_contains
 .text          0x0000000008054719      0x493 build/native/contiki-ng-native.a(button-hal.o)
                0x00000000080548a5                button_hal_get_by_id
                0x00000000080548e3                button_hal_get_by_index
                0x000000000805490f                button_hal_get_state
                0x0000000008054961                button_hal_init
 .text          0x0000000008054bac       0xbf build/native/contiki-ng-native.a(leds.o)
                0x0000000008054bac                leds_init
                0x0000000008054bc7                leds_single_on
                0x0000000008054bd6                leds_single_off
                0x0000000008054be5                leds_single_toggle
                0x0000000008054bf4                leds_on
                0x0000000008054c08                leds_off
                0x0000000008054c1c                leds_toggle
                0x0000000008054c30                leds_set
                0x0000000008054c56                leds_get
 .text          0x0000000008054c6b      0x168 build/native/contiki-ng-native.a(gpio-hal.o)
                0x0000000008054c6b                gpio_hal_register_handler
                0x0000000008054c88                gpio_hal_event_handler
                0x0000000008054ce4                gpio_hal_init
                0x0000000008054d03                gpio_hal_arch_port_toggle_pin
                0x0000000008054d3f                gpio_hal_arch_port_toggle_pins
                0x0000000008054d6d                gpio_hal_arch_no_port_toggle_pin
                0x0000000008054dab                gpio_hal_arch_no_port_toggle_pins
 .text          0x0000000008054dd3      0x2e7 build/native/contiki-ng-native.a(queuebuf.o)
                0x0000000008054ddd                queuebuf_init
                0x0000000008054e06                queuebuf_numfree
                0x0000000008054e1e                queuebuf_new_from_packetbuf
                0x0000000008054ebd                queuebuf_update_attr_from_packetbuf
                0x0000000008054ef2                queuebuf_update_from_packetbuf
                0x0000000008054f42                queuebuf_free
                0x0000000008054f8b                queuebuf_to_packetbuf
                0x0000000008054ff7                queuebuf_dataptr
                0x0000000008055031                queuebuf_datalen
                0x0000000008055054                queuebuf_addr
                0x0000000008055089                queuebuf_attr
                0x00000000080550b4                queuebuf_debug_print
 .text          0x00000000080550ba      0x407 build/native/contiki-ng-native.a(packetbuf.o)
                0x00000000080550ba                packetbuf_clear
                0x00000000080550e5                packetbuf_copyfrom
                0x0000000008055134                packetbuf_copyto
                0x00000000080551c7                packetbuf_hdralloc
                0x0000000008055243                packetbuf_hdrreduce
                0x0000000008055289                packetbuf_set_datalen
                0x00000000080552a3                packetbuf_dataptr
                0x00000000080552c0                packetbuf_hdrptr
                0x00000000080552ca                packetbuf_datalen
                0x00000000080552d6                packetbuf_hdrlen
                0x00000000080552ed                packetbuf_totlen
                0x0000000008055303                packetbuf_remaininglen
                0x0000000008055316                packetbuf_attr_clear
                0x0000000008055362                packetbuf_attr_copyto
                0x00000000080553ba                packetbuf_attr_copyfrom
                0x0000000008055412                packetbuf_set_attr
                0x000000000805543c                packetbuf_attr
                0x0000000008055456                packetbuf_set_addr
                0x0000000008055487                packetbuf_addr
                0x00000000080554a4                packetbuf_holds_broadcast
 .text          0x00000000080554c1       0xef build/native/contiki-ng-native.a(netstack.o)
                0x00000000080554c1                netstack_process_ip_callback
                0x0000000008055552                netstack_ip_packet_processor_add
                0x0000000008055575                uip_ds6_ip_packet_processor_rm
                0x0000000008055592                netstack_init
 .text          0x00000000080555b0       0x4f build/native/contiki-ng-native.a(linkaddr.o)
                0x00000000080555b0                linkaddr_copy
                0x00000000080555c6                linkaddr_cmp
                0x00000000080555e9                linkaddr_set_node_addr
 .text          0x00000000080555ff       0x30 build/native/contiki-ng-native.a(nullmac.o)
 .text          0x000000000805562f      0x509 build/native/contiki-ng-native.a(uipbuf.o)
                0x000000000805562f                uipbuf_clear
                0x0000000008055656                uipbuf_add_ext_hdr
                0x00000000080556d6                uipbuf_set_len
                0x0000000008055703                uipbuf_set_len_field
                0x000000000805572f                uipbuf_get_len_field
                0x000000000805574f                uipbuf_get_next_header
                0x0000000008055881                uipbuf_get_last_header
                0x00000000080558fa                uipbuf_search_header
                0x00000000080559b0                uipbuf_get_attr
                0x00000000080559d7                uipbuf_set_attr
                0x0000000008055a0e                uipbuf_set_default_attr
                0x0000000008055a45                uipbuf_clear_attr
                0x0000000008055a8e                uipbuf_set_attr_flag
                0x0000000008055aaf                uipbuf_clr_attr_flag
                0x0000000008055ad6                uipbuf_is_attr_flag
                0x0000000008055afa                uipbuf_init
 .text          0x0000000008055b38      0x73f build/native/contiki-ng-native.a(uip-icmp6.o)
                0x0000000008055bad                uip_icmp6_input
                0x0000000008055c04                uip_icmp6_register_input_handler
                0x0000000008055d57                uip_icmp6_error_output
                0x0000000008056008                uip_icmp6_send
                0x00000000080561ff                uip_icmp6_echo_reply_callback_add
                0x0000000008056231                uip_icmp6_echo_reply_callback_rm
                0x000000000805624e                uip_icmp6_init
 .text          0x0000000008056277      0xc11 build/native/contiki-ng-native.a(uip-ds6.o)
                0x0000000008056277                uip_ds6_default_prefix
                0x0000000008056281                uip_ds6_set_default_prefix
                0x00000000080562ac                uip_ds6_init
                0x000000000805650e                uip_ds6_periodic
                0x0000000008056595                uip_ds6_list_loop
                0x0000000008056655                uip_ds6_prefix_add
                0x0000000008056701                uip_ds6_prefix_rm
                0x0000000008056714                uip_ds6_prefix_lookup
                0x0000000008056753                uip_ds6_is_addr_onlink
                0x00000000080567c6                uip_ds6_addr_add
                0x00000000080568e6                uip_ds6_addr_rm
                0x000000000805698f                uip_ds6_addr_lookup
                0x00000000080569c8                uip_ds6_get_link_local
                0x0000000008056a49                uip_ds6_get_global
                0x0000000008056aca                uip_ds6_maddr_add
                0x0000000008056b2a                uip_ds6_maddr_rm
                0x0000000008056b3d                uip_ds6_maddr_lookup
                0x0000000008056b76                uip_ds6_aaddr_add
                0x0000000008056bd6                uip_ds6_aaddr_rm
                0x0000000008056be9                uip_ds6_aaddr_lookup
                0x0000000008056c22                uip_ds6_select_src
                0x0000000008056d6b                uip_ds6_set_addr_iid
                0x0000000008056d96                uip_ds6_set_lladdr_from_iid
                0x0000000008056dbf                get_match_length
                0x0000000008056e50                uip_ds6_compute_reachable_time
 .text          0x0000000008056e88      0x9d5 build/native/contiki-ng-native.a(tcp-socket.o)
                0x00000000080574d3                tcp_socket_register
                0x0000000008057564                tcp_socket_connect
                0x00000000080575fb                tcp_socket_listen
                0x0000000008057672                tcp_socket_unlisten
                0x00000000080576e6                tcp_socket_send
                0x0000000008057786                tcp_socket_send_str
                0x00000000080577ae                tcp_socket_close
                0x00000000080577d7                tcp_socket_unregister
                0x0000000008057831                tcp_socket_max_sendlen
                0x000000000805784e                tcp_socket_queuelen
 .text          0x000000000805785d      0xa3f build/native/contiki-ng-native.a(tcpip.o)
                0x0000000008057877                tcpip_output
                0x0000000008057958                tcp_connect
                0x00000000080579b0                tcp_unlisten
                0x0000000008057a10                tcp_listen
                0x0000000008057a6e                tcp_attach
                0x0000000008057a86                udp_attach
                0x0000000008057a9e                udp_new
                0x0000000008057ae8                udp_broadcast_new
                0x0000000008057d6d                tcpip_input
                0x0000000008057efd                tcpip_ipv6_output
                0x00000000080580f1                tcpip_poll_udp
                0x000000000805810f                tcpip_poll_tcp
                0x000000000805812d                tcpip_uipcall
 .text          0x000000000805829c      0x365 build/native/contiki-ng-native.a(uip-ds6-route.o)
                0x00000000080582ed                uip_ds6_route_init
                0x0000000008058317                uip_ds6_route_count_nexthop_neighbors
                0x0000000008058321                uip_ds6_route_nexthop
                0x000000000805832b                uip_ds6_route_head
                0x0000000008058335                uip_ds6_route_next
                0x000000000805833f                uip_ds6_route_is_nexthop
                0x0000000008058349                uip_ds6_route_num_routes
                0x0000000008058353                uip_ds6_route_lookup
                0x000000000805835d                uip_ds6_route_add
                0x0000000008058370                uip_ds6_route_rm
                0x0000000008058376                uip_ds6_route_rm_by_nexthop
                0x000000000805837c                uip_ds6_defrt_head
                0x0000000008058395                uip_ds6_defrt_add
                0x0000000008058443                uip_ds6_defrt_rm
                0x00000000080584a9                uip_ds6_defrt_lookup
                0x0000000008058510                uip_ds6_defrt_choose
                0x0000000008058586                uip_ds6_defrt_periodic
 .text          0x0000000008058601     0x2d58 build/native/contiki-ng-native.a(uip6.o)
                0x0000000008058601                uip_add32
                0x000000000805879b                uip_chksum
                0x0000000008058872                uip_icmp6chksum
                0x0000000008058887                uip_tcpchksum
                0x000000000805889c                uip_udpchksum
                0x00000000080588b1                uip_init
                0x0000000008058941                uip_connect
                0x0000000008058aca                uip_remove_ext_hdr
                0x0000000008058ba4                uip_udp_new
                0x0000000008058cc6                uip_unlisten
                0x0000000008058d08                uip_listen
                0x0000000008058fa0                uip_process
                0x000000000805b233                uip_htons
                0x000000000805b255                uip_htonl
                0x000000000805b293                uip_send
 .text          0x000000000805b359      0x369 build/native/contiki-ng-native.a(uip-ds6-nbr.o)
                0x000000000805b359                uip_ds6_neighbors_init
                0x000000000805b37d                uip_ds6_nbr_add
                0x000000000805b403                uip_ds6_nbr_rm
                0x000000000805b44e                uip_ds6_nbr_update_ll
                0x000000000805b53c                uip_ds6_nbr_get_ipaddr
                0x000000000805b551                uip_ds6_nbr_get_ll
                0x000000000805b56d                uip_ds6_nbr_num
                0x000000000805b5b6                uip_ds6_nbr_head
                0x000000000805b5cf                uip_ds6_nbr_next
                0x000000000805b5eb                uip_ds6_nbr_lookup
                0x000000000805b643                uip_ds6_nbr_ll_lookup
                0x000000000805b65f                uip_ds6_nbr_ipaddr_from_lladdr
                0x000000000805b688                uip_ds6_nbr_lladdr_from_ipaddr
                0x000000000805b6bc                uip_ds6_link_callback
 .text          0x000000000805b6c2      0x6ad build/native/contiki-ng-native.a(uip-nd6.o)
                0x000000000805bd56                uip_nd6_init
 .text          0x000000000805bd6f      0x4d1 build/native/contiki-ng-native.a(uiplib.o)
                0x000000000805bd6f                uiplib_ip6addrconv
                0x000000000805bf27                uiplib_ip4addrconv
                0x000000000805bfea                uiplib_ipaddr_print
                0x000000000805c03d                uiplib_ipaddr_snprint
 .text          0x000000000805c240      0x4c9 build/native/contiki-ng-native.a(rpl.o)
                0x000000000805c240                rpl_lollipop_greater_than
                0x000000000805c29a                rpl_get_global_address
                0x000000000805c392                rpl_link_callback
                0x000000000805c3d6                rpl_has_joined
                0x000000000805c3fb                rpl_is_reachable
                0x000000000805c47c                rpl_reset_prefix
                0x000000000805c4e6                rpl_set_prefix_from_addr
                0x000000000805c5cb                rpl_set_prefix
                0x000000000805c6e5                rpl_set_leaf_only
                0x000000000805c6fd                rpl_get_leaf_only
 .text          0x000000000805c709     0x138c build/native/contiki-ng-native.a(rpl-icmp6.o)
                0x000000000805c82e                rpl_icmp6_update_nbr_table
                0x000000000805c8b7                rpl_icmp6_dis_output
                0x000000000805cefd                rpl_icmp6_dio_output
                0x000000000805d6fb                rpl_icmp6_dao_output
                0x000000000805d9dc                rpl_icmp6_dao_ack_output
                0x000000000805da4c                rpl_icmp6_init
 .text          0x000000000805da95      0xe69 build/native/contiki-ng-native.a(rpl-dag.o)
                0x000000000805da95                rpl_dag_state_to_str
                0x000000000805dad4                rpl_dag_get_root_ipaddr
                0x000000000805db1c                rpl_dag_leave
                0x000000000805dba5                rpl_dag_poison_and_leave
                0x000000000805dbbd                rpl_dag_periodic
                0x000000000805dc45                rpl_is_addr_in_our_dag
                0x000000000805dc89                rpl_get_default_instance
                0x000000000805dca5                rpl_get_any_dag
                0x000000000805dcfe                rpl_refresh_routes
                0x000000000805dd3e                rpl_global_repair
                0x000000000805ddd7                rpl_local_repair
                0x000000000805de21                rpl_dag_ready_to_advertise
                0x000000000805de64                rpl_dag_update_state
                0x000000000805e591                rpl_process_dio
                0x000000000805e60f                rpl_process_dis
                0x000000000805e654                rpl_process_dao
                0x000000000805e6e3                rpl_process_dao_ack
                0x000000000805e77a                rpl_process_hbh
                0x000000000805e7ca                rpl_dag_init_root
                0x000000000805e8de                rpl_dag_init
 .text          0x000000000805e8fe      0x264 build/native/contiki-ng-native.a(rpl-dag-root.o)
                0x000000000805e8fe                rpl_dag_root_print_links
                0x000000000805ea2a                rpl_dag_root_set_prefix
                0x000000000805ea56                rpl_dag_root_start
                0x000000000805eb33                rpl_dag_root_is_root
 .text          0x000000000805eb62      0x52d build/native/contiki-ng-native.a(platform.o)
                0x000000000805eb62                select_set_callback
                0x000000000805ec1f                native_uart_set_input
                0x000000000805edf3                platform_process_args
                0x000000000805ee09                platform_init_stage_one
                0x000000000805ee21                platform_init_stage_two
                0x000000000805ee4d                platform_init_stage_three
                0x000000000805ee6f                platform_main_loop
                0x000000000805f04b                log_message
                0x000000000805f06d                uip_log
 .text          0x000000000805f08f        0x0 build/native/contiki-ng-native.a(buttons.o)
 .text          0x000000000805f08f      0x4c4 build/native/contiki-ng-native.a(tun6-net.o)
 .text          0x000000000805f553       0xc6 build/native/contiki-ng-native.a(rtimer-arch.o)
                0x000000000805f574                rtimer_arch_init
                0x000000000805f58f                rtimer_arch_schedule
 .text          0x000000000805f619       0x28 build/native/contiki-ng-native.a(watchdog.o)
                0x000000000805f619                watchdog_init
                0x000000000805f61f                watchdog_start
                0x000000000805f625                watchdog_periodic
                0x000000000805f62b                watchdog_stop
                0x000000000805f631                watchdog_reboot
 .text          0x000000000805f641       0x4a build/native/contiki-ng-native.a(int-master.o)
                0x000000000805f641                int_master_enable
                0x000000000805f651                int_master_read_and_disable
                0x000000000805f66e                int_master_status_set
                0x000000000805f67c                int_master_is_enabled
 .text          0x000000000805f68b      0x24c build/native/contiki-ng-native.a(gpio-hal-arch.o)
                0x000000000805f68b                gpio_hal_arch_init
                0x000000000805f691                gpio_hal_arch_no_port_interrupt_enable
                0x000000000805f6a3                gpio_hal_arch_no_port_interrupt_disable
                0x000000000805f6b5                gpio_hal_arch_no_port_pin_cfg_set
                0x000000000805f6da                gpio_hal_arch_no_port_pin_cfg_get
                0x000000000805f700                gpio_hal_arch_no_port_pin_set_input
                0x000000000805f712                gpio_hal_arch_no_port_pin_set_output
                0x000000000805f724                gpio_hal_arch_no_port_set_pin
                0x000000000805f746                gpio_hal_arch_no_port_clear_pin
                0x000000000805f768                gpio_hal_arch_no_port_read_pin
                0x000000000805f78e                gpio_hal_arch_no_port_write_pin
                0x000000000805f7b9                gpio_hal_arch_no_port_set_pins
                0x000000000805f7f9                gpio_hal_arch_no_port_clear_pins
                0x000000000805f839                gpio_hal_arch_no_port_read_pins
                0x000000000805f87c                gpio_hal_arch_no_port_write_pins
 .text          0x000000000805f8d7       0xc7 build/native/contiki-ng-native.a(stimer.o)
                0x000000000805f8d7                stimer_set
                0x000000000805f8f5                stimer_reset
                0x000000000805f922                stimer_restart
                0x000000000805f937                stimer_expired
                0x000000000805f962                stimer_remaining
                0x000000000805f986                stimer_elapsed
 .text          0x000000000805f99e      0x1b5 build/native/contiki-ng-native.a(memb.o)
                0x000000000805f99e                memb_init
                0x000000000805f9f3                memb_alloc
                0x000000000805fa56                memb_free
                0x000000000805facd                memb_inmemb
                0x000000000805fb0c                memb_numfree
 .text          0x000000000805fb53       0x2d build/native/contiki-ng-native.a(random.o)
                0x000000000805fb53                random_init
                0x000000000805fb73                random_rand
 .text          0x000000000805fb80      0x1f3 build/native/contiki-ng-native.a(serial-line.o)
                0x000000000805fb80                serial_line_input_byte
                0x000000000805fd3e                serial_line_init
 .text          0x000000000805fd73       0xf1 build/native/contiki-ng-native.a(nullradio.o)
 .text          0x000000000805fe64      0x9aa build/native/contiki-ng-native.a(nbr-table.o)
                0x0000000008060187                nbr_table_count_entries
                0x0000000008060215                nbr_table_gc_get_worst
                0x000000000806024b                nbr_table_can_accept_new
                0x00000000080603a6                nbr_table_entry_is_allowed
                0x000000000806042a                nbr_table_register
                0x0000000008060497                nbr_table_is_registered
                0x00000000080604d2                nbr_table_head
                0x000000000806052d                nbr_table_next
                0x000000000806058e                nbr_table_add_lladdr
                0x00000000080606c6                nbr_table_get_from_lladdr
                0x0000000008060712                nbr_table_remove
                0x000000000806074a                nbr_table_lock
                0x0000000008060764                nbr_table_unlock
                0x000000000806077e                nbr_table_get_lladdr
                0x00000000080607aa                nbr_table_clear
                0x00000000080607df                nbr_table_key_head
                0x00000000080607f8                nbr_table_key_next
 .text          0x000000000806080e      0x3b8 build/native/contiki-ng-native.a(link-stats.o)
                0x000000000806080e                link_stats_from_lladdr
                0x000000000806082a                link_stats_get_lladdr
                0x0000000008060846                link_stats_is_fresh
                0x0000000008060882                guess_etx_from_rssi
                0x00000000080608fe                link_stats_packet_sent
                0x0000000008060a31                link_stats_input_callback
                0x0000000008060b41                link_stats_reset
                0x0000000008060b91                link_stats_init
 .text          0x0000000008060bc6      0x69b build/native/contiki-ng-native.a(uip-sr.o)
                0x0000000008060bc6                uip_sr_num_nodes
                0x0000000008060c54                uip_sr_get_node
                0x0000000008060cab                uip_sr_is_addr_reachable
                0x0000000008060d59                uip_sr_expire_parent
                0x0000000008060da2                uip_sr_update_node
                0x0000000008060ed2                uip_sr_init
                0x0000000008060f06                uip_sr_node_head
                0x0000000008060f1f                uip_sr_node_next
                0x0000000008060f35                uip_sr_periodic
                0x000000000806103b                uip_sr_free_all
                0x00000000080610ab                uip_sr_link_snprint
 .text          0x0000000008061261      0x146 build/native/contiki-ng-native.a(uip-packetqueue)
                0x000000000806128f                uip_packetqueue_new
                0x000000000806129e                uip_packetqueue_alloc
                0x00000000080612f9                uip_packetqueue_free
                0x0000000008061340                uip_packetqueue_buf
                0x000000000806135d                uip_packetqueue_buflen
                0x000000000806137e                uip_packetqueue_set_buflen
 .text          0x00000000080613a7       0x70 build/native/contiki-ng-native.a(rpl-nbr-policy.)
                0x00000000080613e0                rpl_nbr_gc_get_worst
 .text          0x0000000008061417      0x8ca build/native/contiki-ng-native.a(rpl-neighbor.o)
                0x0000000008061493                rpl_neighbor_snprint
                0x0000000008061746                rpl_neighbor_print_list
                0x00000000080617fb                rpl_neighbor_count
                0x00000000080618a2                rpl_neighbor_get_from_lladdr
                0x00000000080618be                rpl_neighbor_is_acceptable_parent
                0x00000000080618f2                rpl_neighbor_get_link_metric
                0x0000000008061926                rpl_neighbor_rank_via_nbr
                0x000000000806195a                rpl_neighbor_get_lladdr
                0x0000000008061976                rpl_neighbor_get_ipaddr
                0x000000000806199d                rpl_neighbor_get_link_stats
                0x00000000080619c4                rpl_neighbor_is_fresh
                0x00000000080619eb                rpl_neighbor_is_parent
                0x0000000008061a15                rpl_neighbor_set_preferred_parent
                0x0000000008061aac                rpl_neighbor_remove_all
                0x0000000008061b08                rpl_neighbor_get_from_ipaddr
                0x0000000008061c16                rpl_neighbor_select_best
                0x0000000008061cc2                rpl_neighbor_init
 .text          0x0000000008061ce1      0x9e7 build/native/contiki-ng-native.a(rpl-timers.o)
                0x0000000008061ce1                rpl_timers_schedule_periodic_dis
                0x0000000008061e2f                rpl_timers_dio_reset
                0x0000000008061f3d                rpl_timers_schedule_unicast_dio
                0x0000000008062091                rpl_timers_schedule_dao
                0x0000000008062150                rpl_timers_schedule_dao_ack
                0x00000000080621d6                rpl_timers_notify_dao_ack
                0x0000000008062234                get_probing_delay
                0x0000000008062268                get_probing_target
                0x0000000008062452                rpl_schedule_probing
                0x0000000008062480                rpl_schedule_probing_now
                0x00000000080624ea                rpl_timers_unschedule_leaving
                0x0000000008062522                rpl_timers_schedule_leaving
                0x0000000008062563                rpl_timers_init
                0x00000000080625f3                rpl_timers_stop_dag_timers
                0x000000000806266c                rpl_timers_unschedule_state_update
                0x0000000008062690                rpl_timers_schedule_state_update
 .text          0x00000000080626c8      0xbd8 build/native/contiki-ng-native.a(rpl-ext-header.)
                0x00000000080626c8                rpl_ext_header_srh_get_next_hop
                0x00000000080627af                rpl_ext_header_srh_update
                0x0000000008062d65                rpl_ext_header_hbh_update
                0x0000000008063065                rpl_ext_header_update
                0x00000000080630ee                rpl_ext_header_remove
 .text          0x00000000080632a0      0x31b build/native/contiki-ng-native.a(rpl-mrhof.o)
 .text          0x00000000080635bb      0x156 build/native/contiki-ng-native.a(ringbuf.o)
                0x00000000080635bb                ringbuf_init
                0x00000000080635ed                ringbuf_put
                0x000000000806366b                ringbuf_get
                0x00000000080636d8                ringbuf_size
                0x00000000080636ea                ringbuf_elements
 *fill*         0x0000000008063711        0xf 
 .text          0x0000000008063720       0x62 /usr/lib/i386-linux-gnu/libc_nonshared.a(elf-init.oS)
                0x0000000008063720                __libc_csu_init
                0x0000000008063780                __libc_csu_fini
 *fill*         0x0000000008063782        0xe 
 .text          0x0000000008063790       0x34 /usr/lib/i386-linux-gnu/libc_nonshared.a(atexit.oS)
                0x0000000008063790                atexit
 .text          0x00000000080637c4        0x0 /usr/lib/gcc/i686-linux-gnu/5/crtend.o
 .text          0x00000000080637c4        0x0 /usr/lib/gcc/i686-linux-gnu/5/../../../i386-linux-gnu/crtn.o
 *(.gnu.warning)

.fini           0x00000000080637c4       0x14
 *(SORT(.fini))
 .fini          0x00000000080637c4        0xf /usr/lib/gcc/i686-linux-gnu/5/../../../i386-linux-gnu/crti.o
                0x00000000080637c4                _fini
 .fini          0x00000000080637d3        0x5 /usr/lib/gcc/i686-linux-gnu/5/../../../i386-linux-gnu/crtn.o
                [!provide]                        PROVIDE (__etext, .)
                [!provide]                        PROVIDE (_etext, .)
                [!provide]                        PROVIDE (etext, .)

.rodata         0x00000000080637e0      0x880
 *(.rodata .rodata.* .gnu.linkonce.r.*)
 .rodata        0x00000000080637e0        0x4 /usr/lib/gcc/i686-linux-gnu/5/../../../i386-linux-gnu/crt1.o
                0x00000000080637e0                _fp_hw
 .rodata.cst4   0x00000000080637e4        0x4 /usr/lib/gcc/i686-linux-gnu/5/../../../i386-linux-gnu/crt1.o
                0x00000000080637e4                _IO_stdin_used
 .rodata        0x00000000080637e8      0x132 mqtt-client.o
                0x00000000080637f0                autostart_processes
 .rodata        0x000000000806391a       0x14 build/native/contiki-ng-native.a(mqtt.o)
 *fill*         0x000000000806392e        0x2 
 .rodata        0x0000000008063930       0xec build/native/contiki-ng-native.a(contiki-main.o)
 .rodata        0x0000000008063a1c        0xf build/native/contiki-ng-native.a(ctimer.o)
 .rodata        0x0000000008063a2b        0xc build/native/contiki-ng-native.a(etimer.o)
 *fill*         0x0000000008063a37        0x1 
 .rodata        0x0000000008063a38       0xc0 build/native/contiki-ng-native.a(log.o)
 .rodata        0x0000000008063af8       0x13 build/native/contiki-ng-native.a(button-hal.o)
 *fill*         0x0000000008063b0b        0x1 
 .rodata        0x0000000008063b0c        0x8 build/native/contiki-ng-native.a(linkaddr.o)
                0x0000000008063b0c                linkaddr_null
 .rodata        0x0000000008063b14       0x24 build/native/contiki-ng-native.a(nullmac.o)
                0x0000000008063b1c                nullmac_driver
 .rodata        0x0000000008063b38       0x13 build/native/contiki-ng-native.a(tcp-socket.o)
 .rodata        0x0000000008063b4b        0xd build/native/contiki-ng-native.a(tcpip.o)
 .rodata        0x0000000008063b58       0x4c build/native/contiki-ng-native.a(uip-ds6-route.o)
 .rodata        0x0000000008063ba4       0x48 build/native/contiki-ng-native.a(uip6.o)
 .rodata        0x0000000008063bec       0x2d build/native/contiki-ng-native.a(uiplib.o)
 *fill*         0x0000000008063c19        0x7 
 .rodata        0x0000000008063c20       0x74 build/native/contiki-ng-native.a(rpl.o)
                0x0000000008063c40                rpl_lite_driver
 .rodata        0x0000000008063c94       0xdb build/native/contiki-ng-native.a(rpl-dag.o)
 *fill*         0x0000000008063d6f        0x1 
 .rodata        0x0000000008063d70       0x4f build/native/contiki-ng-native.a(platform.o)
 .rodata        0x0000000008063dbf        0x1 build/native/contiki-ng-native.a(buttons.o)
                0x0000000008063dbf                button_hal_button_count
 .rodata        0x0000000008063dc0      0x198 build/native/contiki-ng-native.a(tun6-net.o)
                0x0000000008063f48                tun6_net_driver
 .rodata        0x0000000008063f58        0xe build/native/contiki-ng-native.a(serial-line.o)
 *fill*         0x0000000008063f66       0x1a 
 .rodata        0x0000000008063f80       0x38 build/native/contiki-ng-native.a(nullradio.o)
                0x0000000008063f80                nullradio_driver
 .rodata        0x0000000008063fb8       0x44 build/native/contiki-ng-native.a(uip-sr.o)
 .rodata        0x0000000008063ffc       0x58 build/native/contiki-ng-native.a(rpl-neighbor.o)
 .rodata        0x0000000008064054        0xc build/native/contiki-ng-native.a(rpl-timers.o)

.rodata1
 *(.rodata1)

.eh_frame_hdr   0x0000000008064060     0x1434
 *(.eh_frame_hdr)
 .eh_frame_hdr  0x0000000008064060     0x1434 mqtt-client.o
                0x0000000008064060                __GNU_EH_FRAME_HDR
 *(.eh_frame_entry .eh_frame_entry.*)

.eh_frame       0x0000000008065494     0x51ec
 *(.eh_frame)
 .eh_frame      0x0000000008065494       0x3c /usr/lib/gcc/i686-linux-gnu/5/../../../i386-linux-gnu/crt1.o
                                         0x40 (size before relaxing)
 .eh_frame      0x00000000080654d0      0x25c mqtt-client.o
                                        0x274 (size before relaxing)
 .eh_frame      0x000000000806572c       0xa4 build/native/contiki-ng-native.a(clock.o)
                                         0xbc (size before relaxing)
 .eh_frame      0x00000000080657d0      0x4e8 build/native/contiki-ng-native.a(mqtt.o)
                                        0x500 (size before relaxing)
 .eh_frame      0x0000000008065cb8       0x30 build/native/contiki-ng-native.a(contiki-main.o)
                                         0x48 (size before relaxing)
 .eh_frame      0x0000000008065ce8       0x40 build/native/contiki-ng-native.a(autostart.o)
                                         0x58 (size before relaxing)
 .eh_frame      0x0000000008065d28      0x100 build/native/contiki-ng-native.a(ctimer.o)
                                        0x118 (size before relaxing)
 .eh_frame      0x0000000008065e28       0x60 build/native/contiki-ng-native.a(energest.o)
                                         0x78 (size before relaxing)
 .eh_frame      0x0000000008065e88      0x1e0 build/native/contiki-ng-native.a(etimer.o)
                                        0x1f8 (size before relaxing)
 .eh_frame      0x0000000008066068      0x120 build/native/contiki-ng-native.a(log.o)
                                        0x138 (size before relaxing)
 .eh_frame      0x0000000008066188      0x1c4 build/native/contiki-ng-native.a(process.o)
                                        0x1dc (size before relaxing)
 .eh_frame      0x000000000806634c       0x60 build/native/contiki-ng-native.a(rtimer.o)
                                         0x78 (size before relaxing)
 .eh_frame      0x00000000080663ac       0x20 build/native/contiki-ng-native.a(node-id.o)
                                         0x38 (size before relaxing)
 .eh_frame      0x00000000080663cc       0xa4 build/native/contiki-ng-native.a(timer.o)
                                         0xbc (size before relaxing)
 .eh_frame      0x0000000008066470      0x1a0 build/native/contiki-ng-native.a(list.o)
                                        0x1b8 (size before relaxing)
 .eh_frame      0x0000000008066610      0x164 build/native/contiki-ng-native.a(button-hal.o)
                                        0x17c (size before relaxing)
 .eh_frame      0x0000000008066774      0x120 build/native/contiki-ng-native.a(leds.o)
                                        0x138 (size before relaxing)
 .eh_frame      0x0000000008066894       0xe0 build/native/contiki-ng-native.a(gpio-hal.o)
                                         0xf8 (size before relaxing)
 .eh_frame      0x0000000008066974      0x1a0 build/native/contiki-ng-native.a(queuebuf.o)
                                        0x1b8 (size before relaxing)
 .eh_frame      0x0000000008066b14      0x28c build/native/contiki-ng-native.a(packetbuf.o)
                                        0x2a4 (size before relaxing)
 .eh_frame      0x0000000008066da0       0x80 build/native/contiki-ng-native.a(netstack.o)
                                         0x98 (size before relaxing)
 .eh_frame      0x0000000008066e20       0x60 build/native/contiki-ng-native.a(linkaddr.o)
                                         0x78 (size before relaxing)
 .eh_frame      0x0000000008066e80       0xc0 build/native/contiki-ng-native.a(nullmac.o)
                                         0xd8 (size before relaxing)
 .eh_frame      0x0000000008066f40      0x200 build/native/contiki-ng-native.a(uipbuf.o)
                                        0x218 (size before relaxing)
 .eh_frame      0x0000000008067140      0x150 build/native/contiki-ng-native.a(uip-icmp6.o)
                                        0x168 (size before relaxing)
 .eh_frame      0x0000000008067290      0x328 build/native/contiki-ng-native.a(uip-ds6.o)
                                        0x340 (size before relaxing)
 .eh_frame      0x00000000080675b8      0x248 build/native/contiki-ng-native.a(tcp-socket.o)
                                        0x260 (size before relaxing)
 .eh_frame      0x0000000008067800      0x308 build/native/contiki-ng-native.a(tcpip.o)
                                        0x320 (size before relaxing)
 .eh_frame      0x0000000008067b08      0x240 build/native/contiki-ng-native.a(uip-ds6-route.o)
                                        0x258 (size before relaxing)
 .eh_frame      0x0000000008067d48      0x2b4 build/native/contiki-ng-native.a(uip6.o)
                                        0x2cc (size before relaxing)
 .eh_frame      0x0000000008067ffc      0x1c0 build/native/contiki-ng-native.a(uip-ds6-nbr.o)
                                        0x1d8 (size before relaxing)
 .eh_frame      0x00000000080681bc       0x84 build/native/contiki-ng-native.a(uip-nd6.o)
                                         0x9c (size before relaxing)
 .eh_frame      0x0000000008068240       0x88 build/native/contiki-ng-native.a(uiplib.o)
                                         0xa0 (size before relaxing)
 .eh_frame      0x00000000080682c8      0x1e0 build/native/contiki-ng-native.a(rpl.o)
                                        0x1f8 (size before relaxing)
 .eh_frame      0x00000000080684a8      0x1c4 build/native/contiki-ng-native.a(rpl-icmp6.o)
                                        0x1dc (size before relaxing)
 .eh_frame      0x000000000806866c      0x370 build/native/contiki-ng-native.a(rpl-dag.o)
                                        0x388 (size before relaxing)
 .eh_frame      0x00000000080689dc       0xa0 build/native/contiki-ng-native.a(rpl-dag-root.o)
                                         0xb8 (size before relaxing)
 .eh_frame      0x0000000008068a7c      0x1a0 build/native/contiki-ng-native.a(platform.o)
                                        0x1b8 (size before relaxing)
 .eh_frame      0x0000000008068c1c      0x188 build/native/contiki-ng-native.a(tun6-net.o)
                                        0x1a0 (size before relaxing)
 .eh_frame      0x0000000008068da4       0x60 build/native/contiki-ng-native.a(rtimer-arch.o)
                                         0x78 (size before relaxing)
 .eh_frame      0x0000000008068e04       0x9c build/native/contiki-ng-native.a(watchdog.o)
                                         0xb4 (size before relaxing)
 .eh_frame      0x0000000008068ea0       0x80 build/native/contiki-ng-native.a(int-master.o)
                                         0x98 (size before relaxing)
 .eh_frame      0x0000000008068f20      0x1e4 build/native/contiki-ng-native.a(gpio-hal-arch.o)
                                        0x1fc (size before relaxing)
 .eh_frame      0x0000000008069104       0xc4 build/native/contiki-ng-native.a(stimer.o)
                                         0xdc (size before relaxing)
 .eh_frame      0x00000000080691c8       0xa0 build/native/contiki-ng-native.a(memb.o)
                                         0xb8 (size before relaxing)
 .eh_frame      0x0000000008069268       0x40 build/native/contiki-ng-native.a(random.o)
                                         0x58 (size before relaxing)
 .eh_frame      0x00000000080692a8       0x60 build/native/contiki-ng-native.a(serial-line.o)
                                         0x78 (size before relaxing)
 .eh_frame      0x0000000008069308      0x1c0 build/native/contiki-ng-native.a(nullradio.o)
                                        0x1d8 (size before relaxing)
 .eh_frame      0x00000000080694c8      0x3f0 build/native/contiki-ng-native.a(nbr-table.o)
                                        0x408 (size before relaxing)
 .eh_frame      0x00000000080698b8      0x120 build/native/contiki-ng-native.a(link-stats.o)
                                        0x138 (size before relaxing)
 .eh_frame      0x00000000080699d8      0x184 build/native/contiki-ng-native.a(uip-sr.o)
                                        0x19c (size before relaxing)
 .eh_frame      0x0000000008069b5c       0xe0 build/native/contiki-ng-native.a(uip-packetqueue)
                                         0xf8 (size before relaxing)
 .eh_frame      0x0000000008069c3c       0x44 build/native/contiki-ng-native.a(rpl-nbr-policy.)
                                         0x5c (size before relaxing)
 .eh_frame      0x0000000008069c80      0x2b4 build/native/contiki-ng-native.a(rpl-neighbor.o)
                                        0x2cc (size before relaxing)
 .eh_frame      0x0000000008069f34      0x3a8 build/native/contiki-ng-native.a(rpl-timers.o)
                                        0x3c0 (size before relaxing)
 .eh_frame      0x000000000806a2dc      0x124 build/native/contiki-ng-native.a(rpl-ext-header.)
                                        0x13c (size before relaxing)
 .eh_frame      0x000000000806a400      0x148 build/native/contiki-ng-native.a(rpl-mrhof.o)
                                        0x160 (size before relaxing)
 .eh_frame      0x000000000806a548       0xa0 build/native/contiki-ng-native.a(ringbuf.o)
                                         0xb8 (size before relaxing)
 .eh_frame      0x000000000806a5e8       0x60 /usr/lib/i386-linux-gnu/libc_nonshared.a(elf-init.oS)
                                         0x8c (size before relaxing)
 .eh_frame      0x000000000806a648       0x34 /usr/lib/i386-linux-gnu/libc_nonshared.a(atexit.oS)
                                         0x60 (size before relaxing)
 .eh_frame      0x000000000806a67c        0x4 /usr/lib/gcc/i686-linux-gnu/5/crtend.o
 *(.eh_frame.*)

.gcc_except_table
 *(.gcc_except_table .gcc_except_table.*)

.gnu_extab
 *(.gnu_extab*)

.exception_ranges
 *(.exception_ranges .exception_ranges*)
                0x000000000806bf00                . = DATA_SEGMENT_ALIGN (0x1000, 0x1000)

.eh_frame
 *(.eh_frame)
 *(.eh_frame.*)

.gnu_extab
 *(.gnu_extab)

.gcc_except_table
 *(.gcc_except_table .gcc_except_table.*)

.exception_ranges
 *(.exception_ranges .exception_ranges*)

.tdata
 *(.tdata .tdata.* .gnu.linkonce.td.*)

.tbss
 *(.tbss .tbss.* .gnu.linkonce.tb.*)
 *(.tcommon)

.preinit_array  0x000000000806bf00        0x0
                [!provide]                        PROVIDE (__preinit_array_start, .)
 *(.preinit_array)
                [!provide]                        PROVIDE (__preinit_array_end, .)

.init_array     0x000000000806bf00        0x4
                0x000000000806bf00                PROVIDE (__init_array_start, .)
 *(SORT(.init_array.*) SORT(.ctors.*))
 *(.init_array EXCLUDE_FILE(*crtend?.o *crtend.o *crtbegin?.o *crtbegin.o) .ctors)
 .init_array    0x000000000806bf00        0x4 /usr/lib/gcc/i686-linux-gnu/5/crtbegin.o
                0x000000000806bf04                PROVIDE (__init_array_end, .)

.fini_array     0x000000000806bf04        0x4
                [!provide]                        PROVIDE (__fini_array_start, .)
 *(SORT(.fini_array.*) SORT(.dtors.*))
 *(.fini_array EXCLUDE_FILE(*crtend?.o *crtend.o *crtbegin?.o *crtbegin.o) .dtors)
 .fini_array    0x000000000806bf04        0x4 /usr/lib/gcc/i686-linux-gnu/5/crtbegin.o
                [!provide]                        PROVIDE (__fini_array_end, .)

.ctors
 *crtbegin.o(.ctors)
 *crtbegin?.o(.ctors)
 *(EXCLUDE_FILE(*crtend?.o *crtend.o) .ctors)
 *(SORT(.ctors.*))
 *(.ctors)

.dtors
 *crtbegin.o(.dtors)
 *crtbegin?.o(.dtors)
 *(EXCLUDE_FILE(*crtend?.o *crtend.o) .dtors)
 *(SORT(.dtors.*))
 *(.dtors)

.jcr            0x000000000806bf08        0x4
 *(.jcr)
 .jcr           0x000000000806bf08        0x0 /usr/lib/gcc/i686-linux-gnu/5/crtbegin.o
 .jcr           0x000000000806bf08        0x4 /usr/lib/gcc/i686-linux-gnu/5/crtend.o

.data.rel.ro
 *(.data.rel.ro.local* .gnu.linkonce.d.rel.ro.local.*)
 *(.data.rel.ro .data.rel.ro.* .gnu.linkonce.d.rel.ro.*)

.dynamic        0x000000000806bf0c       0xf0
 *(.dynamic)
 .dynamic       0x000000000806bf0c       0xf0 /usr/lib/gcc/i686-linux-gnu/5/../../../i386-linux-gnu/crt1.o
                0x000000000806bf0c                _DYNAMIC

.got            0x000000000806bffc        0x4
 *(.got)
 .got           0x000000000806bffc        0x4 /usr/lib/gcc/i686-linux-gnu/5/../../../i386-linux-gnu/crt1.o
 *(.igot)
                0x000000000806cff4                . = DATA_SEGMENT_RELRO_END (., (SIZEOF (.got.plt) >= 0xc)?0xc:0x0)

.got.plt        0x000000000806c000       0x9c
 *(.got.plt)
 .got.plt       0x000000000806c000       0x9c /usr/lib/gcc/i686-linux-gnu/5/../../../i386-linux-gnu/crt1.o
                0x000000000806c000                _GLOBAL_OFFSET_TABLE_
 *(.igot.plt)
 .igot.plt      0x000000000806c09c        0x0 /usr/lib/gcc/i686-linux-gnu/5/../../../i386-linux-gnu/crt1.o

.data           0x000000000806c0a0      0x2a4
 *(.data .data.* .gnu.linkonce.d.*)
 .data          0x000000000806c0a0        0x4 /usr/lib/gcc/i686-linux-gnu/5/../../../i386-linux-gnu/crt1.o
                0x000000000806c0a0                data_start
                0x000000000806c0a0                __data_start
 .data          0x000000000806c0a4        0x0 /usr/lib/gcc/i686-linux-gnu/5/../../../i386-linux-gnu/crti.o
 .data          0x000000000806c0a4        0x4 /usr/lib/gcc/i686-linux-gnu/5/crtbegin.o
                0x000000000806c0a4                __dso_handle
 .data          0x000000000806c0a8       0x14 mqtt-client.o
                0x000000000806c0ac                mqtt_client_process
 .data          0x000000000806c0bc        0x0 build/native/contiki-ng-native.a(clock.o)
 .data          0x000000000806c0bc       0x14 build/native/contiki-ng-native.a(mqtt.o)
                0x000000000806c0c0                mqtt_process
 .data          0x000000000806c0d0        0x0 build/native/contiki-ng-native.a(contiki-main.o)
 .data          0x000000000806c0d0        0x0 build/native/contiki-ng-native.a(autostart.o)
 .data          0x000000000806c0d0       0x14 build/native/contiki-ng-native.a(ctimer.o)
                0x000000000806c0d4                ctimer_process
 .data          0x000000000806c0e4        0x0 build/native/contiki-ng-native.a(energest.o)
 .data          0x000000000806c0e4       0x10 build/native/contiki-ng-native.a(etimer.o)
                0x000000000806c0e4                etimer_process
 *fill*         0x000000000806c0f4        0xc 
 .data          0x000000000806c100       0xbc build/native/contiki-ng-native.a(log.o)
                0x000000000806c100                curr_log_level_main
                0x000000000806c120                all_modules
 .data          0x000000000806c1bc        0x0 build/native/contiki-ng-native.a(process.o)
 .data          0x000000000806c1bc        0x0 build/native/contiki-ng-native.a(rtimer.o)
 .data          0x000000000806c1bc        0x0 build/native/contiki-ng-native.a(node-id.o)
 .data          0x000000000806c1bc        0x0 build/native/contiki-ng-native.a(timer.o)
 .data          0x000000000806c1bc        0x0 build/native/contiki-ng-native.a(list.o)
 .data          0x000000000806c1bc       0x10 build/native/contiki-ng-native.a(button-hal.o)
                0x000000000806c1bc                button_hal_process
 .data          0x000000000806c1cc        0x0 build/native/contiki-ng-native.a(leds.o)
 .data          0x000000000806c1cc        0x4 build/native/contiki-ng-native.a(gpio-hal.o)
 .data          0x000000000806c1d0       0x18 build/native/contiki-ng-native.a(queuebuf.o)
 .data          0x000000000806c1e8        0x4 build/native/contiki-ng-native.a(packetbuf.o)
 .data          0x000000000806c1ec        0x4 build/native/contiki-ng-native.a(netstack.o)
 .data          0x000000000806c1f0        0x0 build/native/contiki-ng-native.a(linkaddr.o)
 .data          0x000000000806c1f0        0x0 build/native/contiki-ng-native.a(nullmac.o)
 .data          0x000000000806c1f0        0x0 build/native/contiki-ng-native.a(uipbuf.o)
 .data          0x000000000806c1f0       0x20 build/native/contiki-ng-native.a(uip-icmp6.o)
 .data          0x000000000806c210        0x0 build/native/contiki-ng-native.a(uip-ds6.o)
 .data          0x000000000806c210       0x14 build/native/contiki-ng-native.a(tcp-socket.o)
                0x000000000806c214                tcp_socket_process
 .data          0x000000000806c224       0x10 build/native/contiki-ng-native.a(tcpip.o)
                0x000000000806c224                tcpip_process
 .data          0x000000000806c234       0x10 build/native/contiki-ng-native.a(uip-ds6-route.o)
 .data          0x000000000806c244        0x0 build/native/contiki-ng-native.a(uip6.o)
 .data          0x000000000806c244       0x14 build/native/contiki-ng-native.a(uip-ds6-nbr.o)
 .data          0x000000000806c258        0xc build/native/contiki-ng-native.a(uip-nd6.o)
 .data          0x000000000806c264        0x0 build/native/contiki-ng-native.a(uiplib.o)
 .data          0x000000000806c264        0x0 build/native/contiki-ng-native.a(rpl.o)
 .data          0x000000000806c264       0x30 build/native/contiki-ng-native.a(rpl-icmp6.o)
 .data          0x000000000806c294        0x0 build/native/contiki-ng-native.a(rpl-dag.o)
 .data          0x000000000806c294        0x0 build/native/contiki-ng-native.a(rpl-dag-root.o)
 .data          0x000000000806c294        0x8 build/native/contiki-ng-native.a(platform.o)
 .data          0x000000000806c29c        0x0 build/native/contiki-ng-native.a(buttons.o)
 .data          0x000000000806c29c       0x1c build/native/contiki-ng-native.a(tun6-net.o)
 .data          0x000000000806c2b8        0x0 build/native/contiki-ng-native.a(rtimer-arch.o)
 .data          0x000000000806c2b8        0x0 build/native/contiki-ng-native.a(watchdog.o)
 .data          0x000000000806c2b8        0x0 build/native/contiki-ng-native.a(int-master.o)
 .data          0x000000000806c2b8        0x0 build/native/contiki-ng-native.a(gpio-hal-arch.o)
 .data          0x000000000806c2b8        0x0 build/native/contiki-ng-native.a(stimer.o)
 .data          0x000000000806c2b8        0x0 build/native/contiki-ng-native.a(memb.o)
 .data          0x000000000806c2b8        0x0 build/native/contiki-ng-native.a(random.o)
 .data          0x000000000806c2b8       0x10 build/native/contiki-ng-native.a(serial-line.o)
                0x000000000806c2b8                serial_line_process
 .data          0x000000000806c2c8        0x0 build/native/contiki-ng-native.a(nullradio.o)
 .data          0x000000000806c2c8       0x10 build/native/contiki-ng-native.a(nbr-table.o)
 .data          0x000000000806c2d8       0x14 build/native/contiki-ng-native.a(link-stats.o)
 .data          0x000000000806c2ec       0x10 build/native/contiki-ng-native.a(uip-sr.o)
 .data          0x000000000806c2fc        0xc build/native/contiki-ng-native.a(uip-packetqueue)
 .data          0x000000000806c308        0x0 build/native/contiki-ng-native.a(rpl-nbr-policy.)
 .data          0x000000000806c308       0x14 build/native/contiki-ng-native.a(rpl-neighbor.o)
                0x000000000806c318                rpl_neighbors
 .data          0x000000000806c31c        0x0 build/native/contiki-ng-native.a(rpl-timers.o)
 .data          0x000000000806c31c        0x0 build/native/contiki-ng-native.a(rpl-ext-header.)
 *fill*         0x000000000806c31c        0x4 
 .data          0x000000000806c320       0x24 build/native/contiki-ng-native.a(rpl-mrhof.o)
                0x000000000806c320                rpl_mrhof
 .data          0x000000000806c344        0x0 build/native/contiki-ng-native.a(ringbuf.o)
 .data          0x000000000806c344        0x0 /usr/lib/i386-linux-gnu/libc_nonshared.a(elf-init.oS)
 .data          0x000000000806c344        0x0 /usr/lib/i386-linux-gnu/libc_nonshared.a(atexit.oS)
 .data          0x000000000806c344        0x0 /usr/lib/gcc/i686-linux-gnu/5/crtend.o
 .data          0x000000000806c344        0x0 /usr/lib/gcc/i686-linux-gnu/5/../../../i386-linux-gnu/crtn.o

.tm_clone_table
                0x000000000806c344        0x0
 .tm_clone_table
                0x000000000806c344        0x0 /usr/lib/gcc/i686-linux-gnu/5/crtbegin.o
 .tm_clone_table
                0x000000000806c344        0x0 /usr/lib/gcc/i686-linux-gnu/5/crtend.o

.data1
 *(.data1)
                0x000000000806c344                _edata = .
                [!provide]                        PROVIDE (edata, .)
                0x000000000806c344                . = .
                0x000000000806c344                __bss_start = .

.bss            0x000000000806c360     0xb960
 *(.dynbss)
 .dynbss        0x000000000806c360        0x8 /usr/lib/gcc/i686-linux-gnu/5/../../../i386-linux-gnu/crt1.o
                0x000000000806c360                stderr@@GLIBC_2.0
                0x000000000806c364                stdout@@GLIBC_2.0
 *(.bss .bss.* .gnu.linkonce.b.*)
 .bss           0x000000000806c368        0x0 /usr/lib/gcc/i686-linux-gnu/5/../../../i386-linux-gnu/crt1.o
 .bss           0x000000000806c368        0x0 /usr/lib/gcc/i686-linux-gnu/5/../../../i386-linux-gnu/crti.o
 .bss           0x000000000806c368        0x1 /usr/lib/gcc/i686-linux-gnu/5/crtbegin.o
 *fill*         0x000000000806c369       0x17 
 .bss           0x000000000806c380      0xbb8 mqtt-client.o
 .bss           0x000000000806cf38        0x0 build/native/contiki-ng-native.a(clock.o)
 .bss           0x000000000806cf38       0x15 build/native/contiki-ng-native.a(mqtt.o)
 .bss           0x000000000806cf4d        0x0 build/native/contiki-ng-native.a(contiki-main.o)
 .bss           0x000000000806cf4d        0x0 build/native/contiki-ng-native.a(autostart.o)
 *fill*         0x000000000806cf4d        0x3 
 .bss           0x000000000806cf50        0x5 build/native/contiki-ng-native.a(ctimer.o)
 .bss           0x000000000806cf55        0x0 build/native/contiki-ng-native.a(energest.o)
 *fill*         0x000000000806cf55        0x3 
 .bss           0x000000000806cf58        0x8 build/native/contiki-ng-native.a(etimer.o)
 .bss           0x000000000806cf60       0x2c build/native/contiki-ng-native.a(log.o)
                0x000000000806cf60                curr_log_level_rpl
                0x000000000806cf64                curr_log_level_tcpip
                0x000000000806cf68                curr_log_level_ipv6
                0x000000000806cf6c                curr_log_level_6lowpan
                0x000000000806cf70                curr_log_level_nullnet
                0x000000000806cf74                curr_log_level_mac
                0x000000000806cf78                curr_log_level_framer
                0x000000000806cf7c                curr_log_level_6top
                0x000000000806cf80                curr_log_level_coap
                0x000000000806cf84                curr_log_level_snmp
                0x000000000806cf88                curr_log_level_lwm2m
 *fill*         0x000000000806cf8c       0x14 
 .bss           0x000000000806cfa0      0x1a1 build/native/contiki-ng-native.a(process.o)
                0x000000000806cfa0                process_list
                0x000000000806cfa4                process_current
 *fill*         0x000000000806d141        0x3 
 .bss           0x000000000806d144        0x4 build/native/contiki-ng-native.a(rtimer.o)
 .bss           0x000000000806d148        0x2 build/native/contiki-ng-native.a(node-id.o)
                0x000000000806d148                node_id
 .bss           0x000000000806d14a        0x0 build/native/contiki-ng-native.a(timer.o)
 .bss           0x000000000806d14a        0x0 build/native/contiki-ng-native.a(list.o)
 *fill*         0x000000000806d14a        0x2 
 .bss           0x000000000806d14c       0x10 build/native/contiki-ng-native.a(button-hal.o)
 .bss           0x000000000806d15c        0x4 build/native/contiki-ng-native.a(leds.o)
 .bss           0x000000000806d160        0x4 build/native/contiki-ng-native.a(gpio-hal.o)
 *fill*         0x000000000806d164       0x1c 
 .bss           0x000000000806d180     0x2c80 build/native/contiki-ng-native.a(queuebuf.o)
 .bss           0x000000000806fe00       0xa0 build/native/contiki-ng-native.a(packetbuf.o)
 .bss           0x000000000806fea0        0x4 build/native/contiki-ng-native.a(netstack.o)
 .bss           0x000000000806fea4        0x0 build/native/contiki-ng-native.a(linkaddr.o)
 .bss           0x000000000806fea4        0x0 build/native/contiki-ng-native.a(nullmac.o)
 .bss           0x000000000806fea4       0x20 build/native/contiki-ng-native.a(uipbuf.o)
 .bss           0x000000000806fec4       0x18 build/native/contiki-ng-native.a(uip-icmp6.o)
 .bss           0x000000000806fedc       0x30 build/native/contiki-ng-native.a(uip-ds6.o)
 .bss           0x000000000806ff0c        0x5 build/native/contiki-ng-native.a(tcp-socket.o)
 *fill*         0x000000000806ff11        0xf 
 .bss           0x000000000806ff20       0xc4 build/native/contiki-ng-native.a(tcpip.o)
 *fill*         0x000000000806ffe4       0x1c 
 .bss           0x0000000008070000       0x60 build/native/contiki-ng-native.a(uip-ds6-route.o)
 .bss           0x0000000008070060        0xc build/native/contiki-ng-native.a(uip6.o)
                0x0000000008070060                uip_ext_bitmap
                0x0000000008070062                uip_ext_len
                0x0000000008070064                uip_last_proto
 *fill*         0x000000000807006c       0x14 
 .bss           0x0000000008070080     0x1c20 build/native/contiki-ng-native.a(uip-ds6-nbr.o)
 .bss           0x0000000008071ca0       0x10 build/native/contiki-ng-native.a(uip-nd6.o)
 .bss           0x0000000008071cb0        0x0 build/native/contiki-ng-native.a(uiplib.o)
 .bss           0x0000000008071cb0        0x1 build/native/contiki-ng-native.a(rpl.o)
 .bss           0x0000000008071cb1        0x0 build/native/contiki-ng-native.a(rpl-icmp6.o)
 .bss           0x0000000008071cb1        0x0 build/native/contiki-ng-native.a(rpl-dag.o)
 *fill*         0x0000000008071cb1        0x3 
 .bss           0x0000000008071cb4       0x11 build/native/contiki-ng-native.a(rpl-dag-root.o)
 *fill*         0x0000000008071cc5       0x1b 
 .bss           0x0000000008071ce0       0x48 build/native/contiki-ng-native.a(platform.o)
                0x0000000008071ce0                contiki_argc
 .bss           0x0000000008071d28        0x4 build/native/contiki-ng-native.a(buttons.o)
                0x0000000008071d28                button_hal_buttons
 .bss           0x0000000008071d2c        0x0 build/native/contiki-ng-native.a(tun6-net.o)
 .bss           0x0000000008071d2c        0x0 build/native/contiki-ng-native.a(rtimer-arch.o)
 .bss           0x0000000008071d2c        0x0 build/native/contiki-ng-native.a(watchdog.o)
 .bss           0x0000000008071d2c        0x4 build/native/contiki-ng-native.a(int-master.o)
 *fill*         0x0000000008071d30       0x10 
 .bss           0x0000000008071d40       0xa0 build/native/contiki-ng-native.a(gpio-hal-arch.o)
 .bss           0x0000000008071de0        0x0 build/native/contiki-ng-native.a(stimer.o)
 .bss           0x0000000008071de0        0x0 build/native/contiki-ng-native.a(memb.o)
 .bss           0x0000000008071de0        0x0 build/native/contiki-ng-native.a(random.o)
 .bss           0x0000000008071de0      0x140 build/native/contiki-ng-native.a(serial-line.o)
 .bss           0x0000000008071f20        0x0 build/native/contiki-ng-native.a(nullradio.o)
 .bss           0x0000000008071f20     0x1214 build/native/contiki-ng-native.a(nbr-table.o)
 *fill*         0x0000000008073134        0xc 
 .bss           0x0000000008073140      0xe10 build/native/contiki-ng-native.a(link-stats.o)
 *fill*         0x0000000008073f50       0x10 
 .bss           0x0000000008073f60     0x1d80 build/native/contiki-ng-native.a(uip-sr.o)
 .bss           0x0000000008075ce0      0xa78 build/native/contiki-ng-native.a(uip-packetqueue)
 .bss           0x0000000008076758        0x0 build/native/contiki-ng-native.a(rpl-nbr-policy.)
 *fill*         0x0000000008076758        0x8 
 .bss           0x0000000008076760      0x960 build/native/contiki-ng-native.a(rpl-neighbor.o)
 .bss           0x00000000080770c0       0x40 build/native/contiki-ng-native.a(rpl-timers.o)
 .bss           0x0000000008077100        0x0 build/native/contiki-ng-native.a(rpl-ext-header.)
 .bss           0x0000000008077100        0x0 build/native/contiki-ng-native.a(rpl-mrhof.o)
 .bss           0x0000000008077100        0x0 build/native/contiki-ng-native.a(ringbuf.o)
 .bss           0x0000000008077100        0x0 /usr/lib/i386-linux-gnu/libc_nonshared.a(elf-init.oS)
 .bss           0x0000000008077100        0x0 /usr/lib/i386-linux-gnu/libc_nonshared.a(atexit.oS)
 .bss           0x0000000008077100        0x0 /usr/lib/gcc/i686-linux-gnu/5/crtend.o
 .bss           0x0000000008077100        0x0 /usr/lib/gcc/i686-linux-gnu/5/../../../i386-linux-gnu/crtn.o
 *(COMMON)
 COMMON         0x0000000008077100        0x1 build/native/contiki-ng-native.a(mqtt.o)
                0x0000000008077100                mqtt_update_event
 COMMON         0x0000000008077101        0x3 build/native/contiki-ng-native.a(button-hal.o)
                0x0000000008077101                button_hal_periodic_event
                0x0000000008077102                button_hal_press_event
                0x0000000008077103                button_hal_release_event
 COMMON         0x0000000008077104       0x2c build/native/contiki-ng-native.a(packetbuf.o)
                0x0000000008077104                packetbuf_attrs
                0x0000000008077120                packetbuf_addrs
 COMMON         0x0000000008077130        0x8 build/native/contiki-ng-native.a(linkaddr.o)
                0x0000000008077130                linkaddr_node_addr
 *fill*         0x0000000008077138        0x8 
 COMMON         0x0000000008077140      0x1a5 build/native/contiki-ng-native.a(uip-ds6.o)
                0x0000000008077140                uip_ds6_prefix_list
                0x00000000080771a0                uip_ds6_timer_periodic
                0x00000000080771b0                uip_ds6_netif_addr_list_offset
                0x00000000080771c0                uip_ds6_if
                0x00000000080772dc                uip_ds6_timer_ra
                0x00000000080772e4                uip_ds6_addr_size
 COMMON         0x00000000080772e5        0x1 build/native/contiki-ng-native.a(tcpip.o)
                0x00000000080772e5                tcpip_event
 *fill*         0x00000000080772e6       0x1a 
 COMMON         0x0000000008077300      0x808 build/native/contiki-ng-native.a(uip6.o)
                0x0000000008077300                uip_slen
                0x0000000008077304                uip_acc32
                0x0000000008077320                uip_conns
                0x00000000080774a0                uip_lladdr
                0x00000000080774a8                uip_appdata
                0x00000000080774ac                uip_flags
                0x00000000080774c0                uip_aligned_buf
                0x00000000080779c0                uip_listenports
                0x00000000080779e8                uip_len
                0x00000000080779ec                uip_sappdata
                0x0000000008077a00                uip_udp_conns
                0x0000000008077b00                uip_udp_conn
                0x0000000008077b04                uip_conn
 COMMON         0x0000000008077b08       0x10 build/native/contiki-ng-native.a(rpl.o)
                0x0000000008077b08                rpl_multicast_addr
 *fill*         0x0000000008077b18        0x8 
 COMMON         0x0000000008077b20      0x164 build/native/contiki-ng-native.a(rpl-dag.o)
                0x0000000008077b20                curr_instance
 COMMON         0x0000000008077c84        0x4 build/native/contiki-ng-native.a(platform.o)
                0x0000000008077c84                contiki_argv
 COMMON         0x0000000008077c88        0x1 build/native/contiki-ng-native.a(serial-line.o)
                0x0000000008077c88                serial_line_event_message
 *fill*         0x0000000008077c89       0x17 
 COMMON         0x0000000008077ca0       0x20 build/native/contiki-ng-native.a(link-stats.o)
                0x0000000008077ca0                periodic_timer
                0x0000000008077cc0                . = ALIGN ((. != 0x0)?0x4:0x1)
                0x0000000008077cc0                . = ALIGN (0x4)
                0x0000000008077cc0                . = SEGMENT_START ("ldata-segment", .)
                0x0000000008077cc0                . = ALIGN (0x4)
                0x0000000008077cc0                _end = .
                [!provide]                        PROVIDE (end, .)
                0x0000000008077cc0                . = DATA_SEGMENT_END (.)

.stab
 *(.stab)

.stabstr
 *(.stabstr)

.stab.excl
 *(.stab.excl)

.stab.exclstr
 *(.stab.exclstr)

.stab.index
 *(.stab.index)

.stab.indexstr
 *(.stab.indexstr)

.comment        0x0000000000000000       0x35
 *(.comment)
 .comment       0x0000000000000000       0x35 /usr/lib/gcc/i686-linux-gnu/5/crtbegin.o
                                         0x36 (size before relaxing)
 .comment       0x0000000000000035       0x36 mqtt-client.o
 .comment       0x0000000000000035       0x36 build/native/contiki-ng-native.a(clock.o)
 .comment       0x0000000000000035       0x36 build/native/contiki-ng-native.a(mqtt.o)
 .comment       0x0000000000000035       0x36 build/native/contiki-ng-native.a(contiki-main.o)
 .comment       0x0000000000000035       0x36 build/native/contiki-ng-native.a(autostart.o)
 .comment       0x0000000000000035       0x36 build/native/contiki-ng-native.a(ctimer.o)
 .comment       0x0000000000000035       0x36 build/native/contiki-ng-native.a(energest.o)
 .comment       0x0000000000000035       0x36 build/native/contiki-ng-native.a(etimer.o)
 .comment       0x0000000000000035       0x36 build/native/contiki-ng-native.a(log.o)
 .comment       0x0000000000000035       0x36 build/native/contiki-ng-native.a(process.o)
 .comment       0x0000000000000035       0x36 build/native/contiki-ng-native.a(rtimer.o)
 .comment       0x0000000000000035       0x36 build/native/contiki-ng-native.a(node-id.o)
 .comment       0x0000000000000035       0x36 build/native/contiki-ng-native.a(timer.o)
 .comment       0x0000000000000035       0x36 build/native/contiki-ng-native.a(list.o)
 .comment       0x0000000000000035       0x36 build/native/contiki-ng-native.a(button-hal.o)
 .comment       0x0000000000000035       0x36 build/native/contiki-ng-native.a(leds.o)
 .comment       0x0000000000000035       0x36 build/native/contiki-ng-native.a(gpio-hal.o)
 .comment       0x0000000000000035       0x36 build/native/contiki-ng-native.a(queuebuf.o)
 .comment       0x0000000000000035       0x36 build/native/contiki-ng-native.a(packetbuf.o)
 .comment       0x0000000000000035       0x36 build/native/contiki-ng-native.a(netstack.o)
 .comment       0x0000000000000035       0x36 build/native/contiki-ng-native.a(linkaddr.o)
 .comment       0x0000000000000035       0x36 build/native/contiki-ng-native.a(nullmac.o)
 .comment       0x0000000000000035       0x36 build/native/contiki-ng-native.a(uipbuf.o)
 .comment       0x0000000000000035       0x36 build/native/contiki-ng-native.a(uip-icmp6.o)
 .comment       0x0000000000000035       0x36 build/native/contiki-ng-native.a(uip-ds6.o)
 .comment       0x0000000000000035       0x36 build/native/contiki-ng-native.a(tcp-socket.o)
 .comment       0x0000000000000035       0x36 build/native/contiki-ng-native.a(tcpip.o)
 .comment       0x0000000000000035       0x36 build/native/contiki-ng-native.a(uip-ds6-route.o)
 .comment       0x0000000000000035       0x36 build/native/contiki-ng-native.a(uip6.o)
 .comment       0x0000000000000035       0x36 build/native/contiki-ng-native.a(uip-ds6-nbr.o)
 .comment       0x0000000000000035       0x36 build/native/contiki-ng-native.a(uip-nd6.o)
 .comment       0x0000000000000035       0x36 build/native/contiki-ng-native.a(uiplib.o)
 .comment       0x0000000000000035       0x36 build/native/contiki-ng-native.a(rpl.o)
 .comment       0x0000000000000035       0x36 build/native/contiki-ng-native.a(rpl-icmp6.o)
 .comment       0x0000000000000035       0x36 build/native/contiki-ng-native.a(rpl-dag.o)
 .comment       0x0000000000000035       0x36 build/native/contiki-ng-native.a(rpl-dag-root.o)
 .comment       0x0000000000000035       0x36 build/native/contiki-ng-native.a(platform.o)
 .comment       0x0000000000000035       0x36 build/native/contiki-ng-native.a(buttons.o)
 .comment       0x0000000000000035       0x36 build/native/contiki-ng-native.a(tun6-net.o)
 .comment       0x0000000000000035       0x36 build/native/contiki-ng-native.a(rtimer-arch.o)
 .comment       0x0000000000000035       0x36 build/native/contiki-ng-native.a(watchdog.o)
 .comment       0x0000000000000035       0x36 build/native/contiki-ng-native.a(int-master.o)
 .comment       0x0000000000000035       0x36 build/native/contiki-ng-native.a(gpio-hal-arch.o)
 .comment       0x0000000000000035       0x36 build/native/contiki-ng-native.a(stimer.o)
 .comment       0x0000000000000035       0x36 build/native/contiki-ng-native.a(memb.o)
 .comment       0x0000000000000035       0x36 build/native/contiki-ng-native.a(random.o)
 .comment       0x0000000000000035       0x36 build/native/contiki-ng-native.a(serial-line.o)
 .comment       0x0000000000000035       0x36 build/native/contiki-ng-native.a(nullradio.o)
 .comment       0x0000000000000035       0x36 build/native/contiki-ng-native.a(nbr-table.o)
 .comment       0x0000000000000035       0x36 build/native/contiki-ng-native.a(link-stats.o)
 .comment       0x0000000000000035       0x36 build/native/contiki-ng-native.a(uip-sr.o)
 .comment       0x0000000000000035       0x36 build/native/contiki-ng-native.a(uip-packetqueue)
 .comment       0x0000000000000035       0x36 build/native/contiki-ng-native.a(rpl-nbr-policy.)
 .comment       0x0000000000000035       0x36 build/native/contiki-ng-native.a(rpl-neighbor.o)
 .comment       0x0000000000000035       0x36 build/native/contiki-ng-native.a(rpl-timers.o)
 .comment       0x0000000000000035       0x36 build/native/contiki-ng-native.a(rpl-ext-header.)
 .comment       0x0000000000000035       0x36 build/native/contiki-ng-native.a(rpl-mrhof.o)
 .comment       0x0000000000000035       0x36 build/native/contiki-ng-native.a(ringbuf.o)
 .comment       0x0000000000000035       0x36 /usr/lib/gcc/i686-linux-gnu/5/crtend.o

.debug
 *(.debug)

.line
 *(.line)

.debug_srcinfo
 *(.debug_srcinfo)

.debug_sfnames
 *(.debug_sfnames)

.debug_aranges  0x0000000000000000      0x738
 *(.debug_aranges)
 .debug_aranges
                0x0000000000000000       0x20 mqtt-client.o
 .debug_aranges
                0x0000000000000020       0x20 build/native/contiki-ng-native.a(clock.o)
 .debug_aranges
                0x0000000000000040       0x20 build/native/contiki-ng-native.a(mqtt.o)
 .debug_aranges
                0x0000000000000060       0x20 build/native/contiki-ng-native.a(contiki-main.o)
 .debug_aranges
                0x0000000000000080       0x20 build/native/contiki-ng-native.a(autostart.o)
 .debug_aranges
                0x00000000000000a0       0x20 build/native/contiki-ng-native.a(ctimer.o)
 .debug_aranges
                0x00000000000000c0       0x20 build/native/contiki-ng-native.a(energest.o)
 .debug_aranges
                0x00000000000000e0       0x20 build/native/contiki-ng-native.a(etimer.o)
 .debug_aranges
                0x0000000000000100       0x20 build/native/contiki-ng-native.a(log.o)
 .debug_aranges
                0x0000000000000120       0x20 build/native/contiki-ng-native.a(process.o)
 .debug_aranges
                0x0000000000000140       0x20 build/native/contiki-ng-native.a(rtimer.o)
 .debug_aranges
                0x0000000000000160       0x20 build/native/contiki-ng-native.a(node-id.o)
 .debug_aranges
                0x0000000000000180       0x20 build/native/contiki-ng-native.a(timer.o)
 .debug_aranges
                0x00000000000001a0       0x20 build/native/contiki-ng-native.a(list.o)
 .debug_aranges
                0x00000000000001c0       0x20 build/native/contiki-ng-native.a(button-hal.o)
 .debug_aranges
                0x00000000000001e0       0x20 build/native/contiki-ng-native.a(leds.o)
 .debug_aranges
                0x0000000000000200       0x20 build/native/contiki-ng-native.a(gpio-hal.o)
 .debug_aranges
                0x0000000000000220       0x20 build/native/contiki-ng-native.a(queuebuf.o)
 .debug_aranges
                0x0000000000000240       0x20 build/native/contiki-ng-native.a(packetbuf.o)
 .debug_aranges
                0x0000000000000260       0x20 build/native/contiki-ng-native.a(netstack.o)
 .debug_aranges
                0x0000000000000280       0x20 build/native/contiki-ng-native.a(linkaddr.o)
 .debug_aranges
                0x00000000000002a0       0x20 build/native/contiki-ng-native.a(nullmac.o)
 .debug_aranges
                0x00000000000002c0       0x20 build/native/contiki-ng-native.a(uipbuf.o)
 .debug_aranges
                0x00000000000002e0       0x20 build/native/contiki-ng-native.a(uip-icmp6.o)
 .debug_aranges
                0x0000000000000300       0x20 build/native/contiki-ng-native.a(uip-ds6.o)
 .debug_aranges
                0x0000000000000320       0x20 build/native/contiki-ng-native.a(tcp-socket.o)
 .debug_aranges
                0x0000000000000340       0x20 build/native/contiki-ng-native.a(tcpip.o)
 .debug_aranges
                0x0000000000000360       0x20 build/native/contiki-ng-native.a(uip-ds6-route.o)
 .debug_aranges
                0x0000000000000380       0x20 build/native/contiki-ng-native.a(uip6.o)
 .debug_aranges
                0x00000000000003a0       0x20 build/native/contiki-ng-native.a(uip-ds6-nbr.o)
 .debug_aranges
                0x00000000000003c0       0x20 build/native/contiki-ng-native.a(uip-nd6.o)
 .debug_aranges
                0x00000000000003e0       0x20 build/native/contiki-ng-native.a(uiplib.o)
 .debug_aranges
                0x0000000000000400       0x20 build/native/contiki-ng-native.a(rpl.o)
 .debug_aranges
                0x0000000000000420       0x20 build/native/contiki-ng-native.a(rpl-icmp6.o)
 .debug_aranges
                0x0000000000000440       0x20 build/native/contiki-ng-native.a(rpl-dag.o)
 .debug_aranges
                0x0000000000000460       0x20 build/native/contiki-ng-native.a(rpl-dag-root.o)
 .debug_aranges
                0x0000000000000480       0x20 build/native/contiki-ng-native.a(platform.o)
 .debug_aranges
                0x00000000000004a0       0x18 build/native/contiki-ng-native.a(buttons.o)
 .debug_aranges
                0x00000000000004b8       0x20 build/native/contiki-ng-native.a(tun6-net.o)
 .debug_aranges
                0x00000000000004d8       0x20 build/native/contiki-ng-native.a(rtimer-arch.o)
 .debug_aranges
                0x00000000000004f8       0x20 build/native/contiki-ng-native.a(watchdog.o)
 .debug_aranges
                0x0000000000000518       0x20 build/native/contiki-ng-native.a(int-master.o)
 .debug_aranges
                0x0000000000000538       0x20 build/native/contiki-ng-native.a(gpio-hal-arch.o)
 .debug_aranges
                0x0000000000000558       0x20 build/native/contiki-ng-native.a(stimer.o)
 .debug_aranges
                0x0000000000000578       0x20 build/native/contiki-ng-native.a(memb.o)
 .debug_aranges
                0x0000000000000598       0x20 build/native/contiki-ng-native.a(random.o)
 .debug_aranges
                0x00000000000005b8       0x20 build/native/contiki-ng-native.a(serial-line.o)
 .debug_aranges
                0x00000000000005d8       0x20 build/native/contiki-ng-native.a(nullradio.o)
 .debug_aranges
                0x00000000000005f8       0x20 build/native/contiki-ng-native.a(nbr-table.o)
 .debug_aranges
                0x0000000000000618       0x20 build/native/contiki-ng-native.a(link-stats.o)
 .debug_aranges
                0x0000000000000638       0x20 build/native/contiki-ng-native.a(uip-sr.o)
 .debug_aranges
                0x0000000000000658       0x20 build/native/contiki-ng-native.a(uip-packetqueue)
 .debug_aranges
                0x0000000000000678       0x20 build/native/contiki-ng-native.a(rpl-nbr-policy.)
 .debug_aranges
                0x0000000000000698       0x20 build/native/contiki-ng-native.a(rpl-neighbor.o)
 .debug_aranges
                0x00000000000006b8       0x20 build/native/contiki-ng-native.a(rpl-timers.o)
 .debug_aranges
                0x00000000000006d8       0x20 build/native/contiki-ng-native.a(rpl-ext-header.)
 .debug_aranges
                0x00000000000006f8       0x20 build/native/contiki-ng-native.a(rpl-mrhof.o)
 .debug_aranges
                0x0000000000000718       0x20 build/native/contiki-ng-native.a(ringbuf.o)

.debug_pubnames
 *(.debug_pubnames)

.debug_info     0x0000000000000000    0x1aafe
 *(.debug_info .gnu.linkonce.wi.*)
 .debug_info    0x0000000000000000     0x12dc mqtt-client.o
 .debug_info    0x00000000000012dc      0x1e3 build/native/contiki-ng-native.a(clock.o)
 .debug_info    0x00000000000014bf     0x182b build/native/contiki-ng-native.a(mqtt.o)
 .debug_info    0x0000000000002cea      0xc3e build/native/contiki-ng-native.a(contiki-main.o)
 .debug_info    0x0000000000003928      0x1ac build/native/contiki-ng-native.a(autostart.o)
 .debug_info    0x0000000000003ad4      0x473 build/native/contiki-ng-native.a(ctimer.o)
 .debug_info    0x0000000000003f47       0xbc build/native/contiki-ng-native.a(energest.o)
 .debug_info    0x0000000000004003      0x49f build/native/contiki-ng-native.a(etimer.o)
 .debug_info    0x00000000000044a2      0x4e1 build/native/contiki-ng-native.a(log.o)
 .debug_info    0x0000000000004983      0x4ab build/native/contiki-ng-native.a(process.o)
 .debug_info    0x0000000000004e2e      0x1c1 build/native/contiki-ng-native.a(rtimer.o)
 .debug_info    0x0000000000004fef       0xfb build/native/contiki-ng-native.a(node-id.o)