Archive member included to satisfy reference by file (symbol)

build/cooja/mtype199.a(simEnvChange.o)
                              build/cooja/mtype199.o (simDontFallAsleep)
build/cooja/mtype199.a(cooja_mt.o)
                              build/cooja/mtype199.o (cooja_mt_start)
build/cooja/mtype199.a(cooja_mtarch.o)
                              build/cooja/mtype199.a(cooja_mt.o) (cooja_mtarch_start)
build/cooja/mtype199.a(rtimer-arch.o)
                              build/cooja/mtype199.o (rtimer_arch_check)
build/cooja/mtype199.a(beep.o)
                              build/cooja/mtype199.o (beep_interface)
build/cooja/mtype199.a(leds-arch.o)
                              build/cooja/mtype199.o (leds_interface)
build/cooja/mtype199.a(moteid.o)
                              build/cooja/mtype199.o (moteid_interface)
build/cooja/mtype199.a(pir-sensor.o)
                              build/cooja/mtype199.o (pir_interface)
build/cooja/mtype199.a(rs232.o)
                              build/cooja/mtype199.o (rs232_interface)
build/cooja/mtype199.a(vib-sensor.o)
                              build/cooja/mtype199.o (vib_interface)
build/cooja/mtype199.a(clock.o)
                              build/cooja/mtype199.o (clock_interface)
build/cooja/mtype199.a(cooja-log.o)
                              build/cooja/mtype199.o (simlog_interface)
build/cooja/mtype199.a(cfs-cooja.o)
                              build/cooja/mtype199.o (cfs_interface)
build/cooja/mtype199.a(cooja-radio.o)
                              build/cooja/mtype199.o (radio_interface)
build/cooja/mtype199.a(eeprom.o)
                              build/cooja/mtype199.o (eeprom_interface)
build/cooja/mtype199.a(random.o)
                              build/cooja/mtype199.a(moteid.o) (random_init)
build/cooja/mtype199.a(sensors.o)
                              build/cooja/mtype199.a(pir-sensor.o) (sensors_changed)
build/cooja/mtype199.a(leds.o)
                              mqtt-client.o (leds_off)
build/cooja/mtype199.a(gpio-hal-arch.o)
                              build/cooja/mtype199.a(leds-arch.o) (gpio_hal_arch_register_pin_callback)
build/cooja/mtype199.a(buttons.o)
                              build/cooja/mtype199.o (button_interface)
build/cooja/mtype199.a(mqtt.o)
                              mqtt-client.o (mqtt_disconnect)
build/cooja/mtype199.a(contiki-main.o)
                              build/cooja/mtype199.o (main)
build/cooja/mtype199.a(autostart.o)
                              build/cooja/mtype199.a(contiki-main.o) (autostart_start)
build/cooja/mtype199.a(ctimer.o)
                              build/cooja/mtype199.a(contiki-main.o) (ctimer_init)
build/cooja/mtype199.a(energest.o)
                              build/cooja/mtype199.a(contiki-main.o) (energest_init)
build/cooja/mtype199.a(etimer.o)
                              build/cooja/mtype199.a(contiki-main.o) (etimer_process)
build/cooja/mtype199.a(log.o)
                              build/cooja/mtype199.a(contiki-main.o) (curr_log_level_main)
build/cooja/mtype199.a(process.o)
                              build/cooja/mtype199.a(mqtt.o) (process_current)
build/cooja/mtype199.a(rtimer.o)
                              build/cooja/mtype199.a(contiki-main.o) (rtimer_init)
build/cooja/mtype199.a(node-id.o)
                              build/cooja/mtype199.a(contiki-main.o) (node_id)
build/cooja/mtype199.a(timer.o)
                              mqtt-client.o (timer_set)
build/cooja/mtype199.a(list.o)
                              build/cooja/mtype199.a(mqtt.o) (list_init)
build/cooja/mtype199.a(button-hal.o)
                              mqtt-client.o (button_hal_release_event)
build/cooja/mtype199.a(serial-line.o)
                              build/cooja/mtype199.a(rs232.o) (serial_line_input_byte)
build/cooja/mtype199.a(gpio-hal.o)
                              build/cooja/mtype199.a(button-hal.o) (gpio_hal_register_handler)
build/cooja/mtype199.a(queuebuf.o)
                              build/cooja/mtype199.a(contiki-main.o) (queuebuf_init)
build/cooja/mtype199.a(nbr-table.o)
                              mqtt-client.o (nbr_table_head)
build/cooja/mtype199.a(packetbuf.o)
                              build/cooja/mtype199.a(cooja-radio.o) (packetbuf_clear)
build/cooja/mtype199.a(netstack.o)
                              build/cooja/mtype199.a(contiki-main.o) (netstack_init)
build/cooja/mtype199.a(linkaddr.o)
                              mqtt-client.o (linkaddr_node_addr)
build/cooja/mtype199.a(link-stats.o)
                              mqtt-client.o (link_stats_from_lladdr)
build/cooja/mtype199.a(csma.o)
                              build/cooja/mtype199.a(cooja-radio.o) (csma_driver)
build/cooja/mtype199.a(csma-output.o)
                              build/cooja/mtype199.a(csma.o) (csma_output_packet)
build/cooja/mtype199.a(uipbuf.o)
                              mqtt-client.o (uipbuf_get_attr)
build/cooja/mtype199.a(uip-icmp6.o)
[...]
Memory Configuration

Name             Origin             Length             Attributes
*default*        0x0000000000000000 0xffffffffffffffff

Linker script and memory map

LOAD /usr/lib/gcc/i686-linux-gnu/5/../../../i386-linux-gnu/crti.o
LOAD /usr/lib/gcc/i686-linux-gnu/5/crtbeginS.o
LOAD mqtt-client.o
LOAD build/cooja/mtype199.o
LOAD build/cooja/mtype199.a
LOAD /usr/lib/gcc/i686-linux-gnu/5/libgcc.a
LOAD /usr/lib/gcc/i686-linux-gnu/5/libgcc_s.so
LOAD /usr/lib/gcc/i686-linux-gnu/5/../../../i386-linux-gnu/libc.so
START GROUP
LOAD /lib/i386-linux-gnu/libc.so.6
LOAD /usr/lib/i386-linux-gnu/libc_nonshared.a
LOAD /lib/i386-linux-gnu/ld-linux.so.2
END GROUP
LOAD /usr/lib/gcc/i686-linux-gnu/5/libgcc.a
LOAD /usr/lib/gcc/i686-linux-gnu/5/libgcc_s.so
LOAD /usr/lib/gcc/i686-linux-gnu/5/crtendS.o
LOAD /usr/lib/gcc/i686-linux-gnu/5/../../../i386-linux-gnu/crtn.o
                0x0000000000000114                . = (0x0 + SIZEOF_HEADERS)

.note.gnu.build-id
                0x0000000000000114       0x24
 *(.note.gnu.build-id)
 .note.gnu.build-id
                0x0000000000000114       0x24 /usr/lib/gcc/i686-linux-gnu/5/../../../i386-linux-gnu/crti.o

.hash
 *(.hash)

.gnu.hash       0x0000000000000138     0x14ac
 *(.gnu.hash)
 .gnu.hash      0x0000000000000138     0x14ac /usr/lib/gcc/i686-linux-gnu/5/../../../i386-linux-gnu/crti.o

.dynsym         0x00000000000015e4     0x2b10
 *(.dynsym)
 .dynsym        0x00000000000015e4     0x2b10 /usr/lib/gcc/i686-linux-gnu/5/../../../i386-linux-gnu/crti.o

.dynstr         0x00000000000040f4     0x309f
 *(.dynstr)
 .dynstr        0x00000000000040f4     0x309f /usr/lib/gcc/i686-linux-gnu/5/../../../i386-linux-gnu/crti.o

.gnu.version    0x0000000000007194      0x562
 *(.gnu.version)
 .gnu.version   0x0000000000007194      0x562 /usr/lib/gcc/i686-linux-gnu/5/../../../i386-linux-gnu/crti.o

.gnu.version_d  0x00000000000076f8        0x0
 *(.gnu.version_d)
 .gnu.version_d
                0x00000000000076f8        0x0 /usr/lib/gcc/i686-linux-gnu/5/../../../i386-linux-gnu/crti.o

.gnu.version_r  0x00000000000076f8       0x40
 *(.gnu.version_r)
 .gnu.version_r
                0x00000000000076f8       0x40 /usr/lib/gcc/i686-linux-gnu/5/../../../i386-linux-gnu/crti.o

.rel.dyn        0x0000000000007738     0xa380
 *(.rel.init)
 .rel.init      0x0000000000007738        0x0 /usr/lib/gcc/i686-linux-gnu/5/../../../i386-linux-gnu/crti.o
 *(.rel.text .rel.text.* .rel.gnu.linkonce.t.*)
 .rel.text      0x0000000000007738     0x9ba0 /usr/lib/gcc/i686-linux-gnu/5/../../../i386-linux-gnu/crti.o
 *(.rel.fini)
 .rel.fini      0x00000000000112d8        0x0 /usr/lib/gcc/i686-linux-gnu/5/../../../i386-linux-gnu/crti.o
 *(.rel.rodata .rel.rodata.* .rel.gnu.linkonce.r.*)
 .rel.rodata    0x00000000000112d8      0x418 /usr/lib/gcc/i686-linux-gnu/5/../../../i386-linux-gnu/crti.o
 *(.rel.data.rel.ro .rel.data.rel.ro.* .rel.gnu.linkonce.d.rel.ro.*)
 *(.rel.data .rel.data.* .rel.gnu.linkonce.d.*)
 .rel.data.rel.local
                0x00000000000116f0        0x8 /usr/lib/gcc/i686-linux-gnu/5/../../../i386-linux-gnu/crti.o
 .rel.data      0x00000000000116f8      0x388 /usr/lib/gcc/i686-linux-gnu/5/../../../i386-linux-gnu/crti.o
 *(.rel.tdata .rel.tdata.* .rel.gnu.linkonce.td.*)
 *(.rel.tbss .rel.tbss.* .rel.gnu.linkonce.tb.*)
 *(.rel.ctors)
 *(.rel.dtors)
 *(.rel.got)
 .rel.got       0x0000000000011a80       0x28 /usr/lib/gcc/i686-linux-gnu/5/../../../i386-linux-gnu/crti.o
 *(.rel.bss .rel.bss.* .rel.gnu.linkonce.b.*)
 *(.rel.ifunc)
 .rel.ifunc     0x0000000000011aa8        0x0 /usr/lib/gcc/i686-linux-gnu/5/../../../i386-linux-gnu/crti.o
 .rel.fini_array
                0x0000000000011aa8        0x8 /usr/lib/gcc/i686-linux-gnu/5/../../../i386-linux-gnu/crti.o
 .rel.init_array
                0x0000000000011ab0        0x8 /usr/lib/gcc/i686-linux-gnu/5/../../../i386-linux-gnu/crti.o

.rel.plt        0x0000000000011ab8        0x0
 *(.rel.plt)
 .rel.plt       0x0000000000011ab8        0x0 /usr/lib/gcc/i686-linux-gnu/5/../../../i386-linux-gnu/crti.o
 *(.rel.iplt)

.init           0x0000000000011ab8       0x23
 *(SORT(.init))
 .init          0x0000000000011ab8       0x1e /usr/lib/gcc/i686-linux-gnu/5/../../../i386-linux-gnu/crti.o
                0x0000000000011ab8                _init
 .init          0x0000000000011ad6        0x5 /usr/lib/gcc/i686-linux-gnu/5/../../../i386-linux-gnu/crtn.o

.plt            0x0000000000011ae0       0x10
 *(.plt)
 .plt           0x0000000000011ae0       0x10 /usr/lib/gcc/i686-linux-gnu/5/../../../i386-linux-gnu/crti.o
 *(.iplt)

.plt.got        0x0000000000011af0       0x10
 *(.plt.got)
 .plt.got       0x0000000000011af0       0x10 /usr/lib/gcc/i686-linux-gnu/5/../../../i386-linux-gnu/crti.o

.text           0x0000000000011b00    0x1b939
 *(.text.unlikely .text.*_unlikely .text.unlikely.*)
 .text.unlikely
                0x0000000000011b00        0x0 /usr/lib/gcc/i686-linux-gnu/5/crtbeginS.o
 *(.text.exit .text.exit.*)
 *(.text.startup .text.startup.*)
 *(.text.hot .text.hot.*)
 *(.text .stub .text.* .gnu.linkonce.t.*)
 .text          0x0000000000011b00        0x0 /usr/lib/gcc/i686-linux-gnu/5/../../../i386-linux-gnu/crti.o
 .gnu.linkonce.t.__x86.get_pc_thunk.bx
                0x0000000000011b00        0x4 /usr/lib/gcc/i686-linux-gnu/5/../../../i386-linux-gnu/crti.o
                0x0000000000011b00                __x86.get_pc_thunk.bx
 *fill*         0x0000000000011b04        0xc 
 .text          0x0000000000011b10      0x11c /usr/lib/gcc/i686-linux-gnu/5/crtbeginS.o
 .text.__x86.get_pc_thunk.dx
                0x0000000000011c2c        0x4 /usr/lib/gcc/i686-linux-gnu/5/crtbeginS.o
                0x0000000000011c2c                __x86.get_pc_thunk.dx
 .text          0x0000000000011c30     0x1a1a mqtt-client.o
 .text          0x000000000001364a      0x283 build/cooja/mtype199.o
                0x00000000000136dc                platform_init_stage_one
                0x00000000000136ef                platform_init_stage_two
                0x0000000000013702                platform_init_stage_three
                0x0000000000013715                platform_main_loop
                0x0000000000013788                Java_org_contikios_cooja_corecomm_Lib5_init
                0x00000000000137bf                Java_org_contikios_cooja_corecomm_Lib5_getMemory
                0x00000000000137f2                Java_org_contikios_cooja_corecomm_Lib5_setMemory
                0x0000000000013852                Java_org_contikios_cooja_corecomm_Lib5_tick
                0x00000000000138ba                Java_org_contikios_cooja_corecomm_Lib5_setReferenceAddress
 .text          0x00000000000138cd       0x65 build/cooja/mtype199.a(simEnvChange.o)
                0x00000000000138cd                doActionsBeforeTick
                0x00000000000138ff                doActionsAfterTick
 .text          0x0000000000013932       0x83 build/cooja/mtype199.a(cooja_mt.o)
                0x0000000000013932                cooja_mt_start
                0x000000000001395c                cooja_mt_exec
                0x0000000000013992                cooja_mt_yield
 .text          0x00000000000139b5       0xbe build/cooja/mtype199.a(cooja_mtarch.o)
                0x00000000000139b5                cooja_mtarch_start
                0x0000000000013a28                cooja_sw
                0x0000000000013a4b                cooja_mtarch_exec
                0x0000000000013a68                cooja_mtarch_yield
 .text          0x0000000000013a73       0xc5 build/cooja/mtype199.a(rtimer-arch.o)
                0x0000000000013a73                rtimer_arch_init
                0x0000000000013a97                rtimer_arch_schedule
                0x0000000000013ac7                rtimer_arch_next
                0x0000000000013ad7                rtimer_arch_pending
                0x0000000000013ae1                rtimer_arch_check
                0x0000000000013b28                rtimer_arch_now
 .text          0x0000000000013b38       0x81 build/cooja/mtype199.a(beep.o)
                0x0000000000013b38                beep_alarm
                0x0000000000013b45                beep_beep
                0x0000000000013b52                beep
                0x0000000000013b5f                beep_down
                0x0000000000013b6c                beep_on
                0x0000000000013b79                beep_off
                0x0000000000013b86                beep_spinup
                0x0000000000013b93                beep_quick
                0x0000000000013ba0                beep_long
 .text          0x0000000000013bb9       0x65 build/cooja/mtype199.a(leds-arch.o)
                0x0000000000013bcc                leds_arch_init
 .text          0x0000000000013c1e       0x35 build/cooja/mtype199.a(moteid.o)
 .text          0x0000000000013c53       0xb7 build/cooja/mtype199.a(pir-sensor.o)
 .text          0x0000000000013d0a      0x148 build/cooja/mtype199.a(rs232.o)
                0x0000000000013d0a                rs232_init
                0x0000000000013d10                rs232_set_speed
                0x0000000000013d1f                rs232_set_input
                0x0000000000013d2d                rs232_send
                0x0000000000013d51                rs232_print
                0x0000000000013d6d                slip_arch_writeb
 .text          0x0000000000013e52       0xb7 build/cooja/mtype199.a(vib-sensor.o)
 .text          0x0000000000013f09       0x38 build/cooja/mtype199.a(clock.o)
                0x0000000000013f09                clock_init
                0x0000000000013f0f                clock_time
                0x0000000000013f19                clock_seconds
                0x0000000000013f2f                clock_delay
 .text          0x0000000000013f41      0x219 build/cooja/mtype199.a(cooja-log.o)
                0x0000000000013f41                simlog_char
                0x0000000000013f84                simlog
                0x0000000000013ffa                log_message
                0x000000000001402b                log_set_putchar_with_slip
                0x0000000000014039                log_putchar
                0x00000000000140b4                log_puts
                0x00000000000140dc                log_printf
 .text          0x000000000001415a      0x2b9 build/cooja/mtype199.a(cfs-cooja.o)
                0x000000000001415a                cfs_open
                0x00000000000141c3                cfs_close
                0x00000000000141d0                cfs_read
                0x0000000000014265                cfs_write
                0x0000000000014341                cfs_seek
                0x00000000000143c9                cfs_remove
                0x00000000000143ed                cfs_opendir
                0x00000000000143f7                cfs_readdir
                0x0000000000014401                cfs_closedir
 .text          0x0000000000014413      0x62b build/cooja/mtype199.a(cooja-radio.o)
                0x0000000000014455                radio_set_channel
                0x0000000000014463                radio_set_txpower
                0x000000000001447b                radio_signal_strength_last
                0x0000000000014485                radio_signal_strength_current
                0x000000000001448f                radio_LQI
 .text          0x0000000000014a3e       0xee build/cooja/mtype199.a(eeprom.o)
                0x0000000000014a3e                eeprom_init
                0x0000000000014a44                eeprom_read
                0x0000000000014ab2                eeprom_write
 .text          0x0000000000014b2c       0x2d build/cooja/mtype199.a(random.o)
                0x0000000000014b2c                random_init
                0x0000000000014b4c                random_rand
 .text          0x0000000000014b59      0x29c build/cooja/mtype199.a(sensors.o)
                0x0000000000014b94                sensors_first
                0x0000000000014b9e                sensors_next
                0x0000000000014bb8                sensors_changed
                0x0000000000014bec                sensors_find
 .text          0x0000000000014df5      0x349 build/cooja/mtype199.a(leds.o)
                0x0000000000014df5                leds_init
                0x0000000000014e3c                leds_single_on
                0x0000000000014e9b                leds_single_off
                0x0000000000014efa                leds_single_toggle
                0x0000000000014f2c                leds_on
                0x0000000000014fae                leds_off
                0x0000000000015030                leds_toggle
                0x0000000000015085                leds_set
                0x00000000000150b1                leds_get
 .text          0x000000000001513e      0x343 build/cooja/mtype199.a(gpio-hal-arch.o)
                0x000000000001513e                gpio_hal_arch_register_pin_callback
                0x00000000000151aa                gpio_hal_arch_init
                0x00000000000151ef                gpio_hal_arch_no_port_interrupt_enable
                0x000000000001521f                gpio_hal_arch_no_port_interrupt_disable
                0x000000000001524f                gpio_hal_arch_no_port_pin_cfg_set
                0x0000000000015274                gpio_hal_arch_no_port_pin_cfg_get
                0x000000000001529a                gpio_hal_arch_no_port_pin_set_input
                0x00000000000152ac                gpio_hal_arch_no_port_pin_set_output
                0x00000000000152be                gpio_hal_arch_no_port_set_pin
                0x00000000000152df                gpio_hal_arch_no_port_clear_pin
                0x0000000000015300                gpio_hal_arch_no_port_read_pin
                0x0000000000015326                gpio_hal_arch_no_port_write_pin
                0x0000000000015350                gpio_hal_arch_no_port_set_pins
                0x0000000000015397                gpio_hal_arch_no_port_clear_pins
                0x00000000000153de                gpio_hal_arch_no_port_read_pins
                0x0000000000015421                gpio_hal_arch_no_port_write_pins
 .text          0x0000000000015481       0x89 build/cooja/mtype199.a(buttons.o)
 .text          0x000000000001550a     0x3967 build/cooja/mtype199.a(mqtt.o)
                0x00000000000158ac                mqtt_decode_var_byte_int
                0x0000000000015995                mqtt_encode_var_byte_int
                0x0000000000018830                mqtt_init
                0x00000000000188f8                mqtt_register
                0x0000000000018995                mqtt_connect
                0x0000000000018ac3                mqtt_disconnect
                0x0000000000018b01                mqtt_subscribe
                0x0000000000018bd4                mqtt_unsubscribe
                0x0000000000018c9b                mqtt_publish
                0x0000000000018d92                mqtt_set_username_password
                0x0000000000018e1d                mqtt_set_last_will
 .text          0x0000000000018e71      0x32d build/cooja/mtype199.a(contiki-main.o)
                0x0000000000018e71                main
 .text          0x000000000001919e       0x92 build/cooja/mtype199.a(autostart.o)
                0x000000000001919e                autostart_start
                0x00000000000191e8                autostart_exit
 .text          0x0000000000019230      0x355 build/cooja/mtype199.a(ctimer.o)
                0x0000000000019358                ctimer_init
                0x000000000001938b                ctimer_set
                0x00000000000193b1                ctimer_set_with_process
                0x000000000001942e                ctimer_reset
                0x0000000000019482                ctimer_restart
                0x00000000000194d6                ctimer_stop
                0x0000000000019526                ctimer_expired
 .text          0x0000000000019585       0x1b build/cooja/mtype199.a(energest.o)
                0x0000000000019585                energest_init
                0x000000000001958b                energest_flush
                0x0000000000019591                energest_get_total_time
 .text          0x00000000000195a0      0x43f build/cooja/mtype199.a(etimer.o)
                0x00000000000197c4                etimer_request_poll
                0x000000000001984d                etimer_set
                0x0000000000019876                etimer_reset_with_new_interval
                0x00000000000198a5                etimer_reset
                0x00000000000198cb                etimer_restart
                0x00000000000198f1                etimer_adjust
                0x000000000001990e                etimer_expired
                0x0000000000019921                etimer_expiration_time
                0x0000000000019933                etimer_start_time
                0x000000000001993d                etimer_pending
                0x000000000001994f                etimer_next_expiration_time
                0x0000000000019969                etimer_stop
 .text          0x00000000000199df      0x3d7 build/cooja/mtype199.a(log.o)
                0x00000000000199df                log_6addr
                0x0000000000019a32                log_6addr_compact_snprint
                0x0000000000019ad0                log_6addr_compact
                0x0000000000019b23                log_lladdr
                0x0000000000019b95                log_lladdr_compact
                0x0000000000019bfd                log_bytes
                0x0000000000019c40                log_set_level
                0x0000000000019cfb                log_get_level
                0x0000000000019d74                log_level_to_str
 .text          0x0000000000019db6      0x4fb build/cooja/mtype199.a(process.o)
                0x0000000000019db6                process_alloc_event
                0x0000000000019dcb                process_start
                0x0000000000019fa5                process_exit
                0x0000000000019fc2                process_init
                0x000000000001a157                process_run
                0x000000000001a18a                process_nevents
                0x000000000001a1a5                process_post
                0x000000000001a238                process_post_synch
                0x000000000001a26d                process_poll
                0x000000000001a29d                process_is_running
 .text          0x000000000001a2b1       0xeb build/cooja/mtype199.a(rtimer.o)
                0x000000000001a2b1                rtimer_init
                0x000000000001a2bf                rtimer_set
                0x000000000001a33a                rtimer_run_next
 .text          0x000000000001a39c       0x25 build/cooja/mtype199.a(node-id.o)
                0x000000000001a39c                node_id_init
 .text          0x000000000001a3c1       0xb1 build/cooja/mtype199.a(timer.o)
                0x000000000001a3c1                timer_set
                0x000000000001a3df                timer_reset
                0x000000000001a40c                timer_restart
                0x000000000001a421                timer_expired
                0x000000000001a44e                timer_remaining
 .text          0x000000000001a472      0x28f build/cooja/mtype199.a(list.o)
                0x000000000001a472                list_init
                0x000000000001a481                list_head
                0x000000000001a48b                list_copy
                0x000000000001a49b                list_tail
                0x000000000001a4d1                list_add
                0x000000000001a51d                list_push
                0x000000000001a549                list_chop
                0x000000000001a5b3                list_pop
                0x000000000001a5db                list_remove
                0x000000000001a643                list_length
                0x000000000001a671                list_insert
                0x000000000001a6b6                list_item_next
                0x000000000001a6cd                list_contains
 .text          0x000000000001a701      0x493 build/cooja/mtype199.a(button-hal.o)
                0x000000000001a88d                button_hal_get_by_id
                0x000000000001a8cb                button_hal_get_by_index
                0x000000000001a8f7                button_hal_get_state
                0x000000000001a949                button_hal_init
 .text          0x000000000001ab94      0x1f3 build/cooja/mtype199.a(serial-line.o)
                0x000000000001ab94                serial_line_input_byte
                0x000000000001ad52                serial_line_init
 .text          0x000000000001ad87      0x168 build/cooja/mtype199.a(gpio-hal.o)
                0x000000000001ad87                gpio_hal_register_handler
                0x000000000001ada4                gpio_hal_event_handler
                0x000000000001ae00                gpio_hal_init
                0x000000000001ae1f                gpio_hal_arch_port_toggle_pin
                0x000000000001ae5b                gpio_hal_arch_port_toggle_pins
                0x000000000001ae89                gpio_hal_arch_no_port_toggle_pin
                0x000000000001aec7                gpio_hal_arch_no_port_toggle_pins
 .text          0x000000000001aeef      0x2e7 build/cooja/mtype199.a(queuebuf.o)
                0x000000000001aef9                queuebuf_init
                0x000000000001af22                queuebuf_numfree
                0x000000000001af3a                queuebuf_new_from_packetbuf
                0x000000000001afd9                queuebuf_update_attr_from_packetbuf
                0x000000000001b00e                queuebuf_update_from_packetbuf
                0x000000000001b05e                queuebuf_free
                0x000000000001b0a7                queuebuf_to_packetbuf
                0x000000000001b113                queuebuf_dataptr
                0x000000000001b14d                queuebuf_datalen
                0x000000000001b170                queuebuf_addr
                0x000000000001b1a5                queuebuf_attr
                0x000000000001b1d0                queuebuf_debug_print
 .text          0x000000000001b1d6      0x9aa build/cooja/mtype199.a(nbr-table.o)
                0x000000000001b4f9                nbr_table_count_entries
                0x000000000001b587                nbr_table_gc_get_worst
                0x000000000001b5bd                nbr_table_can_accept_new
                0x000000000001b718                nbr_table_entry_is_allowed
                0x000000000001b79c                nbr_table_register
                0x000000000001b809                nbr_table_is_registered
                0x000000000001b844                nbr_table_head
                0x000000000001b89f                nbr_table_next
                0x000000000001b900                nbr_table_add_lladdr
                0x000000000001ba38                nbr_table_get_from_lladdr
                0x000000000001ba84                nbr_table_remove
                0x000000000001babc                nbr_table_lock
                0x000000000001bad6                nbr_table_unlock
                0x000000000001baf0                nbr_table_get_lladdr
                0x000000000001bb1c                nbr_table_clear
                0x000000000001bb51                nbr_table_key_head
                0x000000000001bb6a                nbr_table_key_next
 .text          0x000000000001bb80      0x407 build/cooja/mtype199.a(packetbuf.o)
                0x000000000001bb80                packetbuf_clear
                0x000000000001bbab                packetbuf_copyfrom
                0x000000000001bbfa                packetbuf_copyto
                0x000000000001bc8d                packetbuf_hdralloc
                0x000000000001bd09                packetbuf_hdrreduce
                0x000000000001bd4f                packetbuf_set_datalen
                0x000000000001bd69                packetbuf_dataptr
                0x000000000001bd86                packetbuf_hdrptr
                0x000000000001bd90                packetbuf_datalen
                0x000000000001bd9c                packetbuf_hdrlen
                0x000000000001bdb3                packetbuf_totlen
                0x000000000001bdc9                packetbuf_remaininglen
                0x000000000001bddc                packetbuf_attr_clear
                0x000000000001be28                packetbuf_attr_copyto
                0x000000000001be80                packetbuf_attr_copyfrom
                0x000000000001bed8                packetbuf_set_attr
                0x000000000001bf02                packetbuf_attr
                0x000000000001bf1c                packetbuf_set_addr
                0x000000000001bf4d                packetbuf_addr
                0x000000000001bf6a                packetbuf_holds_broadcast
 .text          0x000000000001bf87       0xef build/cooja/mtype199.a(netstack.o)
                0x000000000001bf87                netstack_process_ip_callback
                0x000000000001c018                netstack_ip_packet_processor_add
                0x000000000001c03b                uip_ds6_ip_packet_processor_rm
                0x000000000001c058                netstack_init
 .text          0x000000000001c076       0x4f build/cooja/mtype199.a(linkaddr.o)
                0x000000000001c076                linkaddr_copy
                0x000000000001c08c                linkaddr_cmp
                0x000000000001c0af                linkaddr_set_node_addr
 .text          0x000000000001c0c5      0x3b8 build/cooja/mtype199.a(link-stats.o)
                0x000000000001c0c5                link_stats_from_lladdr
                0x000000000001c0e1                link_stats_get_lladdr
                0x000000000001c0fd                link_stats_is_fresh
                0x000000000001c139                guess_etx_from_rssi
                0x000000000001c1b5                link_stats_packet_sent
                0x000000000001c2e8                link_stats_input_callback
                0x000000000001c3f8                link_stats_reset
                0x000000000001c448                link_stats_init
 .text          0x000000000001c47d      0x229 build/cooja/mtype199.a(csma.o)
 .text          0x000000000001c6a6      0x95d build/cooja/mtype199.a(csma-output.o)
                0x000000000001cd3d                csma_output_packet
                0x000000000001cfca                csma_output_init
 .text          0x000000000001d003      0x509 build/cooja/mtype199.a(uipbuf.o)
                0x000000000001d003                uipbuf_clear
                0x000000000001d02a                uipbuf_add_ext_hdr
                0x000000000001d0aa                uipbuf_set_len
                0x000000000001d0d7                uipbuf_set_len_field
                0x000000000001d103                uipbuf_get_len_field
                0x000000000001d123                uipbuf_get_next_header
                0x000000000001d255                uipbuf_get_last_header
                0x000000000001d2ce                uipbuf_search_header
                0x000000000001d384                uipbuf_get_attr
                0x000000000001d3ab                uipbuf_set_attr
                0x000000000001d3e2                uipbuf_set_default_attr
                0x000000000001d419                uipbuf_clear_attr
                0x000000000001d462                uipbuf_set_attr_flag
                0x000000000001d483                uipbuf_clr_attr_flag
                0x000000000001d4aa                uipbuf_is_attr_flag
                0x000000000001d4ce                uipbuf_init
 .text          0x000000000001d50c      0x73f build/cooja/mtype199.a(uip-icmp6.o)
                0x000000000001d581                uip_icmp6_input
                0x000000000001d5d8                uip_icmp6_register_input_handler
                0x000000000001d72b                uip_icmp6_error_output
                0x000000000001d9dc                uip_icmp6_send
                0x000000000001dbd3                uip_icmp6_echo_reply_callback_add
                0x000000000001dc05                uip_icmp6_echo_reply_callback_rm
                0x000000000001dc22                uip_icmp6_init
 .text          0x000000000001dc4b      0xc11 build/cooja/mtype199.a(uip-ds6.o)
                0x000000000001dc4b                uip_ds6_default_prefix
                0x000000000001dc55                uip_ds6_set_default_prefix
                0x000000000001dc80                uip_ds6_init
                0x000000000001dee2                uip_ds6_periodic
                0x000000000001df69                uip_ds6_list_loop
                0x000000000001e029                uip_ds6_prefix_add
                0x000000000001e0d5                uip_ds6_prefix_rm
                0x000000000001e0e8                uip_ds6_prefix_lookup
                0x000000000001e127                uip_ds6_is_addr_onlink
                0x000000000001e19a                uip_ds6_addr_add
                0x000000000001e2ba                uip_ds6_addr_rm
                0x000000000001e363                uip_ds6_addr_lookup
                0x000000000001e39c                uip_ds6_get_link_local
                0x000000000001e41d                uip_ds6_get_global
                0x000000000001e49e                uip_ds6_maddr_add
                0x000000000001e4fe                uip_ds6_maddr_rm
                0x000000000001e511                uip_ds6_maddr_lookup
                0x000000000001e54a                uip_ds6_aaddr_add
                0x000000000001e5aa                uip_ds6_aaddr_rm
                0x000000000001e5bd                uip_ds6_aaddr_lookup
                0x000000000001e5f6                uip_ds6_select_src
                0x000000000001e73f                uip_ds6_set_addr_iid
                0x000000000001e76a                uip_ds6_set_lladdr_from_iid
                0x000000000001e793                get_match_length
                0x000000000001e824                uip_ds6_compute_reachable_time
 .text          0x000000000001e85c      0x9d5 build/cooja/mtype199.a(tcp-socket.o)
                0x000000000001eea7                tcp_socket_register
                0x000000000001ef38                tcp_socket_connect
                0x000000000001efcf                tcp_socket_listen
                0x000000000001f046                tcp_socket_unlisten
                0x000000000001f0ba                tcp_socket_send
                0x000000000001f15a                tcp_socket_send_str
                0x000000000001f182                tcp_socket_close
                0x000000000001f1ab                tcp_socket_unregister
                0x000000000001f205                tcp_socket_max_sendlen
                0x000000000001f222                tcp_socket_queuelen
 .text          0x000000000001f231      0xa3f build/cooja/mtype199.a(tcpip.o)
                0x000000000001f24b                tcpip_output
                0x000000000001f32c                tcp_connect
                0x000000000001f384                tcp_unlisten
                0x000000000001f3e4                tcp_listen
                0x000000000001f442                tcp_attach
                0x000000000001f45a                udp_attach
                0x000000000001f472                udp_new
                0x000000000001f4bc                udp_broadcast_new
                0x000000000001f741                tcpip_input
                0x000000000001f8d1                tcpip_ipv6_output
                0x000000000001fac5                tcpip_poll_udp
                0x000000000001fae3                tcpip_poll_tcp
                0x000000000001fb01                tcpip_uipcall
 .text          0x000000000001fc70      0x365 build/cooja/mtype199.a(uip-ds6-route.o)
                0x000000000001fcc1                uip_ds6_route_init
                0x000000000001fceb                uip_ds6_route_count_nexthop_neighbors
                0x000000000001fcf5                uip_ds6_route_nexthop
                0x000000000001fcff                uip_ds6_route_head
                0x000000000001fd09                uip_ds6_route_next
                0x000000000001fd13                uip_ds6_route_is_nexthop
                0x000000000001fd1d                uip_ds6_route_num_routes
                0x000000000001fd27                uip_ds6_route_lookup
                0x000000000001fd31                uip_ds6_route_add
                0x000000000001fd44                uip_ds6_route_rm
                0x000000000001fd4a                uip_ds6_route_rm_by_nexthop
                0x000000000001fd50                uip_ds6_defrt_head
                0x000000000001fd69                uip_ds6_defrt_add
                0x000000000001fe17                uip_ds6_defrt_rm
                0x000000000001fe7d                uip_ds6_defrt_lookup
                0x000000000001fee4                uip_ds6_defrt_choose
                0x000000000001ff5a                uip_ds6_defrt_periodic
 .text          0x000000000001ffd5     0x2d58 build/cooja/mtype199.a(uip6.o)
                0x000000000001ffd5                uip_add32
                0x000000000002016f                uip_chksum
                0x0000000000020246                uip_icmp6chksum
                0x000000000002025b                uip_tcpchksum
                0x0000000000020270                uip_udpchksum
                0x0000000000020285                uip_init
                0x0000000000020315                uip_connect
                0x000000000002049e                uip_remove_ext_hdr
                0x0000000000020578                uip_udp_new
                0x000000000002069a                uip_unlisten
                0x00000000000206dc                uip_listen
                0x0000000000020974                uip_process
                0x0000000000022c07                uip_htons
                0x0000000000022c29                uip_htonl
                0x0000000000022c67                uip_send
 .text          0x0000000000022d2d      0x369 build/cooja/mtype199.a(uip-ds6-nbr.o)
                0x0000000000022d2d                uip_ds6_neighbors_init
                0x0000000000022d51                uip_ds6_nbr_add
                0x0000000000022dd7                uip_ds6_nbr_rm
                0x0000000000022e22                uip_ds6_nbr_update_ll
                0x0000000000022f10                uip_ds6_nbr_get_ipaddr
                0x0000000000022f25                uip_ds6_nbr_get_ll
                0x0000000000022f41                uip_ds6_nbr_num
                0x0000000000022f8a                uip_ds6_nbr_head
                0x0000000000022fa3                uip_ds6_nbr_next
                0x0000000000022fbf                uip_ds6_nbr_lookup
                0x0000000000023017                uip_ds6_nbr_ll_lookup
                0x0000000000023033                uip_ds6_nbr_ipaddr_from_lladdr
                0x000000000002305c                uip_ds6_nbr_lladdr_from_ipaddr
                0x0000000000023090                uip_ds6_link_callback
 .text          0x0000000000023096      0x6ad build/cooja/mtype199.a(uip-nd6.o)
                0x000000000002372a                uip_nd6_init
 .text          0x0000000000023743     0x2f2b build/cooja/mtype199.a(sicslowpan.o)
                0x0000000000023d4a                netstack_sniffer_add
                0x0000000000023d58                netstack_sniffer_remove
                0x0000000000026642                sicslowpan_init
                0x0000000000026664                sicslowpan_get_last_rssi
 .text          0x000000000002666e      0x4d1 build/cooja/mtype199.a(uiplib.o)
                0x000000000002666e                uiplib_ip6addrconv
                0x0000000000026826                uiplib_ip4addrconv
                0x00000000000268e9                uiplib_ipaddr_print
                0x000000000002693c                uiplib_ipaddr_snprint
 .text          0x0000000000026b3f       0x70 build/cooja/mtype199.a(rpl-nbr-policy.)
                0x0000000000026b78                rpl_nbr_gc_get_worst
 .text          0x0000000000026baf      0x8ca build/cooja/mtype199.a(rpl-neighbor.o)
                0x0000000000026c2b                rpl_neighbor_snprint
                0x0000000000026ede                rpl_neighbor_print_list
                0x0000000000026f93                rpl_neighbor_count
                0x000000000002703a                rpl_neighbor_get_from_lladdr
                0x0000000000027056                rpl_neighbor_is_acceptable_parent
                0x000000000002708a                rpl_neighbor_get_link_metric
                0x00000000000270be                rpl_neighbor_rank_via_nbr
                0x00000000000270f2                rpl_neighbor_get_lladdr
                0x000000000002710e                rpl_neighbor_get_ipaddr
                0x0000000000027135                rpl_neighbor_get_link_stats
                0x000000000002715c                rpl_neighbor_is_fresh
                0x0000000000027183                rpl_neighbor_is_parent
                0x00000000000271ad                rpl_neighbor_set_preferred_parent
                0x0000000000027244                rpl_neighbor_remove_all
                0x00000000000272a0                rpl_neighbor_get_from_ipaddr
                0x00000000000273ae                rpl_neighbor_select_best
                0x000000000002745a                rpl_neighbor_init
 .text          0x0000000000027479      0x9e7 build/cooja/mtype199.a(rpl-timers.o)
                0x0000000000027479                rpl_timers_schedule_periodic_dis
                0x00000000000275c7                rpl_timers_dio_reset
                0x00000000000276d5                rpl_timers_schedule_unicast_dio
                0x0000000000027829                rpl_timers_schedule_dao
                0x00000000000278e8                rpl_timers_schedule_dao_ack
                0x000000000002796e                rpl_timers_notify_dao_ack
                0x00000000000279cc                get_probing_delay
                0x0000000000027a00                get_probing_target
                0x0000000000027bea                rpl_schedule_probing
                0x0000000000027c18                rpl_schedule_probing_now
                0x0000000000027c82                rpl_timers_unschedule_leaving
                0x0000000000027cba                rpl_timers_schedule_leaving
                0x0000000000027cfb                rpl_timers_init
                0x0000000000027d8b                rpl_timers_stop_dag_timers
                0x0000000000027e04                rpl_timers_unschedule_state_update
                0x0000000000027e28                rpl_timers_schedule_state_update
 .text          0x0000000000027e60      0x4c9 build/cooja/mtype199.a(rpl.o)
                0x0000000000027e60                rpl_lollipop_greater_than
                0x0000000000027eba                rpl_get_global_address
                0x0000000000027fb2                rpl_link_callback
                0x0000000000027ff6                rpl_has_joined
                0x000000000002801b                rpl_is_reachable
                0x000000000002809c                rpl_reset_prefix
                0x0000000000028106                rpl_set_prefix_from_addr
                0x00000000000281eb                rpl_set_prefix
                0x0000000000028305                rpl_set_leaf_only
                0x000000000002831d                rpl_get_leaf_only
 .text          0x0000000000028329     0x138c build/cooja/mtype199.a(rpl-icmp6.o)
                0x000000000002844e                rpl_icmp6_update_nbr_table
                0x00000000000284d7                rpl_icmp6_dis_output
                0x0000000000028b1d                rpl_icmp6_dio_output
                0x000000000002931b                rpl_icmp6_dao_output
                0x00000000000295fc                rpl_icmp6_dao_ack_output
                0x000000000002966c                rpl_icmp6_init
 .text          0x00000000000296b5      0xe69 build/cooja/mtype199.a(rpl-dag.o)
                0x00000000000296b5                rpl_dag_state_to_str
                0x00000000000296f4                rpl_dag_get_root_ipaddr
                0x000000000002973c                rpl_dag_leave
                0x00000000000297c5                rpl_dag_poison_and_leave
                0x00000000000297dd                rpl_dag_periodic
                0x0000000000029865                rpl_is_addr_in_our_dag
                0x00000000000298a9                rpl_get_default_instance
                0x00000000000298c5                rpl_get_any_dag
                0x000000000002991e                rpl_refresh_routes
                0x000000000002995e                rpl_global_repair
                0x00000000000299f7                rpl_local_repair
                0x0000000000029a41                rpl_dag_ready_to_advertise
                0x0000000000029a84                rpl_dag_update_state
                0x000000000002a1b1                rpl_process_dio
                0x000000000002a22f                rpl_process_dis
                0x000000000002a274                rpl_process_dao
                0x000000000002a303                rpl_process_dao_ack
                0x000000000002a39a                rpl_process_hbh
                0x000000000002a3ea                rpl_dag_init_root
                0x000000000002a4fe                rpl_dag_init
 .text          0x000000000002a51e      0x264 build/cooja/mtype199.a(rpl-dag-root.o)
                0x000000000002a51e                rpl_dag_root_print_links
                0x000000000002a64a                rpl_dag_root_set_prefix
                0x000000000002a676                rpl_dag_root_start
                0x000000000002a753                rpl_dag_root_is_root
 .text          0x000000000002a782       0x30 build/cooja/mtype199.a(watchdog.o)
                0x000000000002a782                watchdog_init
                0x000000000002a788                watchdog_start
                0x000000000002a78e                watchdog_periodic
                0x000000000002a7a6                watchdog_stop
                0x000000000002a7ac                watchdog_reboot
 .text          0x000000000002a7b2       0x4a build/cooja/mtype199.a(int-master.o)
                0x000000000002a7b2                int_master_enable
                0x000000000002a7c2                int_master_read_and_disable
                0x000000000002a7df                int_master_status_set
                0x000000000002a7ed                int_master_is_enabled
 .text          0x000000000002a7fc       0xc7 build/cooja/mtype199.a(stimer.o)
                0x000000000002a7fc                stimer_set
                0x000000000002a81a                stimer_reset
                0x000000000002a847                stimer_restart
                0x000000000002a85c                stimer_expired
                0x000000000002a887                stimer_remaining
                0x000000000002a8ab                stimer_elapsed
 .text          0x000000000002a8c3      0x1b5 build/cooja/mtype199.a(memb.o)
                0x000000000002a8c3                memb_init
                0x000000000002a918                memb_alloc
                0x000000000002a97b                memb_free
                0x000000000002a9f2                memb_inmemb
                0x000000000002aa31                memb_numfree
 .text          0x000000000002aa78       0x1f build/cooja/mtype199.a(assert.o)
                0x000000000002aa78                _xassert
 .text          0x000000000002aa97      0x156 build/cooja/mtype199.a(ringbuf.o)
                0x000000000002aa97                ringbuf_init
                0x000000000002aac9                ringbuf_put
                0x000000000002ab47                ringbuf_get
                0x000000000002abb4                ringbuf_size
                0x000000000002abc6                ringbuf_elements
 .text          0x000000000002abed      0x187 build/cooja/mtype199.a(mac-sequence.o)
                0x000000000002abed                mac_sequence_is_duplicate
                0x000000000002ac8d                mac_sequence_register_seqno
 .text          0x000000000002ad74       0x23 build/cooja/mtype199.a(mac.o)
                0x000000000002ad74                mac_call_sent_callback
 .text          0x000000000002ad97      0x432 build/cooja/mtype199.a(framer-802154.o)
                0x000000000002af26                framer_802154_setup_params
 .text          0x000000000002b1c9      0xb6f build/cooja/mtype199.a(frame802154.o)
                0x000000000002b1fa                frame802154_get_pan_id
                0x000000000002b206                frame802154_set_pan_id
                0x000000000002b220                frame802154_has_panid
                0x000000000002b3cf                frame802154_check_dest_panid
                0x000000000002b457                frame802154_is_broadcast_addr
                0x000000000002b4a4                frame802154_extract_linkaddr
                0x000000000002b709                frame802154_hdrlen
                0x000000000002b77c                frame802154_create_fcf
                0x000000000002b834                frame802154_create
                0x000000000002b9a9                frame802154_parse_fcf
                0x000000000002ba8b                frame802154_parse
 .text          0x000000000002bd38       0x2d build/cooja/mtype199.a(csma-security.o)
                0x000000000002bd38                csma_security_create_frame
                0x000000000002bd56                csma_security_parse_frame
 .text          0x000000000002bd65      0x69b build/cooja/mtype199.a(uip-sr.o)
                0x000000000002bd65                uip_sr_num_nodes
                0x000000000002bdf3                uip_sr_get_node
                0x000000000002be4a                uip_sr_is_addr_reachable
                0x000000000002bef8                uip_sr_expire_parent
                0x000000000002bf41                uip_sr_update_node
                0x000000000002c071                uip_sr_init
                0x000000000002c0a5                uip_sr_node_head
                0x000000000002c0be                uip_sr_node_next
                0x000000000002c0d4                uip_sr_periodic
                0x000000000002c1da                uip_sr_free_all
                0x000000000002c24a                uip_sr_link_snprint
 .text          0x000000000002c400      0x146 build/cooja/mtype199.a(uip-packetqueue)
                0x000000000002c42e                uip_packetqueue_new
                0x000000000002c43d                uip_packetqueue_alloc
                0x000000000002c498                uip_packetqueue_free
                0x000000000002c4df                uip_packetqueue_buf
                0x000000000002c4fc                uip_packetqueue_buflen
                0x000000000002c51d                uip_packetqueue_set_buflen
 .text          0x000000000002c546      0xbd8 build/cooja/mtype199.a(rpl-ext-header.)
                0x000000000002c546                rpl_ext_header_srh_get_next_hop
                0x000000000002c62d                rpl_ext_header_srh_update
                0x000000000002cbe3                rpl_ext_header_hbh_update
                0x000000000002cee3                rpl_ext_header_update
                0x000000000002cf6c                rpl_ext_header_remove
 .text          0x000000000002d11e      0x31b build/cooja/mtype199.a(rpl-mrhof.o)
 .text          0x000000000002d439        0x0 /usr/lib/gcc/i686-linux-gnu/5/crtendS.o
 .text          0x000000000002d439        0x0 /usr/lib/gcc/i686-linux-gnu/5/../../../i386-linux-gnu/crtn.o
 *(.gnu.warning)

.fini           0x000000000002d43c       0x14
 *(SORT(.fini))
 .fini          0x000000000002d43c        0xf /usr/lib/gcc/i686-linux-gnu/5/../../../i386-linux-gnu/crti.o
                0x000000000002d43c                _fini
 .fini          0x000000000002d44b        0x5 /usr/lib/gcc/i686-linux-gnu/5/../../../i386-linux-gnu/crtn.o
                [!provide]                        PROVIDE (__etext, .)
                [!provide]                        PROVIDE (_etext, .)
                [!provide]                        PROVIDE (etext, .)

.rodata         0x000000000002d460      0xb88
 *(.rodata .rodata.* .gnu.linkonce.r.*)
 .rodata        0x000000000002d460      0x417 mqtt-client.o
                0x000000000002d468                autostart_processes
 *fill*         0x000000000002d877        0x1 
 .rodata        0x000000000002d878        0x8 build/cooja/mtype199.a(beep.o)
                0x000000000002d878                beep_interface
 .rodata        0x000000000002d880        0xe build/cooja/mtype199.a(leds-arch.o)
                0x000000000002d880                leds_interface
                0x000000000002d888                leds_arch_leds
 *fill*         0x000000000002d88e        0x2 
 .rodata        0x000000000002d890        0x8 build/cooja/mtype199.a(moteid.o)
                0x000000000002d890                moteid_interface
 .rodata        0x000000000002d898       0x1c build/cooja/mtype199.a(pir-sensor.o)
                0x000000000002d898                pir_interface
                0x000000000002d8a4                pir_sensor
 .rodata        0x000000000002d8b4        0xe build/cooja/mtype199.a(rs232.o)
                0x000000000002d8b4                rs232_interface
 *fill*         0x000000000002d8c2        0x2 
 .rodata        0x000000000002d8c4       0x24 build/cooja/mtype199.a(vib-sensor.o)
                0x000000000002d8c4                vib_interface
                0x000000000002d8d8                vib_sensor
 .rodata        0x000000000002d8e8        0x8 build/cooja/mtype199.a(clock.o)
                0x000000000002d8e8                clock_interface
 .rodata        0x000000000002d8f0        0x8 build/cooja/mtype199.a(cooja-log.o)
                0x000000000002d8f0                simlog_interface
 .rodata        0x000000000002d8f8       0x2f build/cooja/mtype199.a(cfs-cooja.o)
                0x000000000002d8f8                cfs_interface
 *fill*         0x000000000002d927       0x19 
 .rodata        0x000000000002d940       0xb8 build/cooja/mtype199.a(cooja-radio.o)
                0x000000000002d940                radio_interface
                0x000000000002d9c0                cooja_radio_driver
 .rodata        0x000000000002d9f8        0x8 build/cooja/mtype199.a(eeprom.o)
                0x000000000002d9f8                eeprom_interface
 .rodata        0x000000000002da00        0x8 build/cooja/mtype199.a(sensors.o)
 .rodata        0x000000000002da08       0x2c build/cooja/mtype199.a(buttons.o)
                0x000000000002da08                button_interface
                0x000000000002da1c                button_hal_button_count
                0x000000000002da24                button_sensor
 .rodata        0x000000000002da34       0x14 build/cooja/mtype199.a(mqtt.o)
 .rodata        0x000000000002da48       0xec build/cooja/mtype199.a(contiki-main.o)
 .rodata        0x000000000002db34        0xf build/cooja/mtype199.a(ctimer.o)
 .rodata        0x000000000002db43        0xc build/cooja/mtype199.a(etimer.o)
 *fill*         0x000000000002db4f        0x1 
 .rodata        0x000000000002db50       0xc4 build/cooja/mtype199.a(log.o)
 .rodata        0x000000000002dc14       0x13 build/cooja/mtype199.a(button-hal.o)
 .rodata        0x000000000002dc27        0xe build/cooja/mtype199.a(serial-line.o)
 *fill*         0x000000000002dc35        0x3 
 .rodata        0x000000000002dc38        0x8 build/cooja/mtype199.a(linkaddr.o)
                0x000000000002dc38                linkaddr_null
 .rodata        0x000000000002dc40       0x24 build/cooja/mtype199.a(csma.o)
                0x000000000002dc48                csma_driver
 .rodata        0x000000000002dc64       0x24 build/cooja/mtype199.a(csma-output.o)
 .rodata        0x000000000002dc88       0x13 build/cooja/mtype199.a(tcp-socket.o)
 .rodata        0x000000000002dc9b        0xd build/cooja/mtype199.a(tcpip.o)
 .rodata        0x000000000002dca8       0x4d build/cooja/mtype199.a(uip-ds6-route.o)
 *fill*         0x000000000002dcf5        0x3 
 .rodata        0x000000000002dcf8       0x48 build/cooja/mtype199.a(uip6.o)
 .rodata        0x000000000002dd40       0x30 build/cooja/mtype199.a(sicslowpan.o)
                0x000000000002dd40                unc_llconf
                0x000000000002dd44                unc_ctxconf
                0x000000000002dd48                unc_mxconf
                0x000000000002dd4c                llprefix
                0x000000000002dd60                sicslowpan_driver
 .rodata        0x000000000002dd70       0x2d build/cooja/mtype199.a(uiplib.o)
 *fill*         0x000000000002dd9d        0x3 
 .rodata        0x000000000002dda0       0x58 build/cooja/mtype199.a(rpl-neighbor.o)
 .rodata        0x000000000002ddf8        0xc build/cooja/mtype199.a(rpl-timers.o)
 *fill*         0x000000000002de04       0x1c 
 .rodata        0x000000000002de20       0x74 build/cooja/mtype199.a(rpl.o)
                0x000000000002de40                rpl_lite_driver
 .rodata        0x000000000002de94       0xdb build/cooja/mtype199.a(rpl-dag.o)
 *fill*         0x000000000002df6f        0x1 
 .rodata        0x000000000002df70       0x25 build/cooja/mtype199.a(assert.o)
 *fill*         0x000000000002df95        0x3 
 .rodata        0x000000000002df98        0xc build/cooja/mtype199.a(framer-802154.o)
                0x000000000002df98                framer_802154
 .rodata        0x000000000002dfa4       0x44 build/cooja/mtype199.a(uip-sr.o)

.rodata1
 *(.rodata1)

.eh_frame_hdr   0x000000000002dfe8     0x18b4
 *(.eh_frame_hdr)
 .eh_frame_hdr  0x000000000002dfe8     0x18b4 mqtt-client.o
                0x000000000002dfe8                __GNU_EH_FRAME_HDR
 *(.eh_frame_entry .eh_frame_entry.*)

.eh_frame       0x000000000002f89c     0x63f0
 *(.eh_frame)
 .eh_frame      0x000000000002f89c       0x3c /usr/lib/gcc/i686-linux-gnu/5/../../../i386-linux-gnu/crti.o
                                         0x40 (size before relaxing)
 .eh_frame      0x000000000002f8d8      0x268 mqtt-client.o
                                        0x280 (size before relaxing)
 .eh_frame      0x000000000002fb40      0x178 build/cooja/mtype199.o
                                        0x190 (size before relaxing)
 .eh_frame      0x000000000002fcb8       0x40 build/cooja/mtype199.a(simEnvChange.o)
                                         0x58 (size before relaxing)
 .eh_frame      0x000000000002fcf8       0x60 build/cooja/mtype199.a(cooja_mt.o)
                                         0x78 (size before relaxing)
 .eh_frame      0x000000000002fd58       0x80 build/cooja/mtype199.a(cooja_mtarch.o)
                                         0x98 (size before relaxing)
 .eh_frame      0x000000000002fdd8       0xc8 build/cooja/mtype199.a(rtimer-arch.o)
                                         0xe0 (size before relaxing)
 .eh_frame      0x000000000002fea0      0x160 build/cooja/mtype199.a(beep.o)
                                        0x178 (size before relaxing)
 .eh_frame      0x0000000000030000       0x80 build/cooja/mtype199.a(leds-arch.o)
                                         0x98 (size before relaxing)
 .eh_frame      0x0000000000030080       0x40 build/cooja/mtype199.a(moteid.o)
                                         0x58 (size before relaxing)
 .eh_frame      0x00000000000300c0       0xa0 build/cooja/mtype199.a(pir-sensor.o)
                                         0xb8 (size before relaxing)
 .eh_frame      0x0000000000030160      0x100 build/cooja/mtype199.a(rs232.o)
                                        0x118 (size before relaxing)
 .eh_frame      0x0000000000030260       0xa0 build/cooja/mtype199.a(vib-sensor.o)
                                         0xb8 (size before relaxing)
 .eh_frame      0x0000000000030300       0xc0 build/cooja/mtype199.a(clock.o)
                                         0xd8 (size before relaxing)
 .eh_frame      0x00000000000303c0      0x120 build/cooja/mtype199.a(cooja-log.o)
                                        0x138 (size before relaxing)
 .eh_frame      0x00000000000304e0      0x160 build/cooja/mtype199.a(cfs-cooja.o)
                                        0x178 (size before relaxing)
 .eh_frame      0x0000000000030640      0x340 build/cooja/mtype199.a(cooja-radio.o)
                                        0x358 (size before relaxing)
 .eh_frame      0x0000000000030980       0xa0 build/cooja/mtype199.a(eeprom.o)
                                         0xb8 (size before relaxing)
 .eh_frame      0x0000000000030a20       0x40 build/cooja/mtype199.a(random.o)
                                         0x58 (size before relaxing)
 .eh_frame      0x0000000000030a60       0xc0 build/cooja/mtype199.a(sensors.o)
                                         0xd8 (size before relaxing)
 .eh_frame      0x0000000000030b20      0x120 build/cooja/mtype199.a(leds.o)
                                        0x138 (size before relaxing)
 .eh_frame      0x0000000000030c40      0x220 build/cooja/mtype199.a(gpio-hal-arch.o)
                                        0x238 (size before relaxing)
 .eh_frame      0x0000000000030e60       0xa0 build/cooja/mtype199.a(buttons.o)
                                         0xb8 (size before relaxing)
 .eh_frame      0x0000000000030f00      0x4e8 build/cooja/mtype199.a(mqtt.o)
                                        0x500 (size before relaxing)
 .eh_frame      0x00000000000313e8       0x30 build/cooja/mtype199.a(contiki-main.o)
                                         0x48 (size before relaxing)
 .eh_frame      0x0000000000031418       0x40 build/cooja/mtype199.a(autostart.o)
                                         0x58 (size before relaxing)
 .eh_frame      0x0000000000031458      0x100 build/cooja/mtype199.a(ctimer.o)
                                        0x118 (size before relaxing)
 .eh_frame      0x0000000000031558       0x60 build/cooja/mtype199.a(energest.o)
                                         0x78 (size before relaxing)
 .eh_frame      0x00000000000315b8      0x1e0 build/cooja/mtype199.a(etimer.o)
                                        0x1f8 (size before relaxing)
 .eh_frame      0x0000000000031798      0x120 build/cooja/mtype199.a(log.o)
                                        0x138 (size before relaxing)
 .eh_frame      0x00000000000318b8      0x1c4 build/cooja/mtype199.a(process.o)
                                        0x1dc (size before relaxing)
 .eh_frame      0x0000000000031a7c       0x60 build/cooja/mtype199.a(rtimer.o)
                                         0x78 (size before relaxing)
 .eh_frame      0x0000000000031adc       0x20 build/cooja/mtype199.a(node-id.o)
                                         0x38 (size before relaxing)
 .eh_frame      0x0000000000031afc       0xa4 build/cooja/mtype199.a(timer.o)
                                         0xbc (size before relaxing)
 .eh_frame      0x0000000000031ba0      0x1a0 build/cooja/mtype199.a(list.o)
                                        0x1b8 (size before relaxing)
 .eh_frame      0x0000000000031d40      0x164 build/cooja/mtype199.a(button-hal.o)
                                        0x17c (size before relaxing)
 .eh_frame      0x0000000000031ea4       0x60 build/cooja/mtype199.a(serial-line.o)
                                         0x78 (size before relaxing)
 .eh_frame      0x0000000000031f04       0xe0 build/cooja/mtype199.a(gpio-hal.o)
                                         0xf8 (size before relaxing)
 .eh_frame      0x0000000000031fe4      0x1a0 build/cooja/mtype199.a(queuebuf.o)
                                        0x1b8 (size before relaxing)
 .eh_frame      0x0000000000032184      0x3f0 build/cooja/mtype199.a(nbr-table.o)
                                        0x408 (size before relaxing)
 .eh_frame      0x0000000000032574      0x28c build/cooja/mtype199.a(packetbuf.o)
                                        0x2a4 (size before relaxing)
 .eh_frame      0x0000000000032800       0x80 build/cooja/mtype199.a(netstack.o)
                                         0x98 (size before relaxing)
 .eh_frame      0x0000000000032880       0x60 build/cooja/mtype199.a(linkaddr.o)
                                         0x78 (size before relaxing)
 .eh_frame      0x00000000000328e0      0x120 build/cooja/mtype199.a(link-stats.o)
                                        0x138 (size before relaxing)
 .eh_frame      0x0000000000032a00       0xe0 build/cooja/mtype199.a(csma.o)
                                         0xf8 (size before relaxing)
 .eh_frame      0x0000000000032ae0      0x1d0 build/cooja/mtype199.a(csma-output.o)
                                        0x1e8 (size before relaxing)
 .eh_frame      0x0000000000032cb0      0x200 build/cooja/mtype199.a(uipbuf.o)
                                        0x218 (size before relaxing)
 .eh_frame      0x0000000000032eb0      0x150 build/cooja/mtype199.a(uip-icmp6.o)
                                        0x168 (size before relaxing)
 .eh_frame      0x0000000000033000      0x328 build/cooja/mtype199.a(uip-ds6.o)
                                        0x340 (size before relaxing)
 .eh_frame      0x0000000000033328      0x248 build/cooja/mtype199.a(tcp-socket.o)
                                        0x260 (size before relaxing)
 .eh_frame      0x0000000000033570      0x308 build/cooja/mtype199.a(tcpip.o)
                                        0x320 (size before relaxing)
 .eh_frame      0x0000000000033878      0x240 build/cooja/mtype199.a(uip-ds6-route.o)
                                        0x258 (size before relaxing)
 .eh_frame      0x0000000000033ab8      0x2b4 build/cooja/mtype199.a(uip6.o)
                                        0x2cc (size before relaxing)
 .eh_frame      0x0000000000033d6c      0x1c0 build/cooja/mtype199.a(uip-ds6-nbr.o)
                                        0x1d8 (size before relaxing)
 .eh_frame      0x0000000000033f2c       0x84 build/cooja/mtype199.a(uip-nd6.o)
                                         0x9c (size before relaxing)
 .eh_frame      0x0000000000033fb0      0x2f8 build/cooja/mtype199.a(sicslowpan.o)
                                        0x310 (size before relaxing)
 .eh_frame      0x00000000000342a8       0x88 build/cooja/mtype199.a(uiplib.o)
                                         0xa0 (size before relaxing)
 .eh_frame      0x0000000000034330       0x44 build/cooja/mtype199.a(rpl-nbr-policy.)
                                         0x5c (size before relaxing)
 .eh_frame      0x0000000000034374      0x2b4 build/cooja/mtype199.a(rpl-neighbor.o)
                                        0x2cc (size before relaxing)
 .eh_frame      0x0000000000034628      0x3a8 build/cooja/mtype199.a(rpl-timers.o)
                                        0x3c0 (size before relaxing)
 .eh_frame      0x00000000000349d0      0x1e0 build/cooja/mtype199.a(rpl.o)
                                        0x1f8 (size before relaxing)
 .eh_frame      0x0000000000034bb0      0x1c4 build/cooja/mtype199.a(rpl-icmp6.o)
                                        0x1dc (size before relaxing)
 .eh_frame      0x0000000000034d74      0x370 build/cooja/mtype199.a(rpl-dag.o)
                                        0x388 (size before relaxing)
 .eh_frame      0x00000000000350e4       0xa0 build/cooja/mtype199.a(rpl-dag-root.o)
                                         0xb8 (size before relaxing)
 .eh_frame      0x0000000000035184       0xa0 build/cooja/mtype199.a(watchdog.o)
                                         0xb8 (size before relaxing)
 .eh_frame      0x0000000000035224       0x80 build/cooja/mtype199.a(int-master.o)
                                         0x98 (size before relaxing)
 .eh_frame      0x00000000000352a4       0xc4 build/cooja/mtype199.a(stimer.o)
                                         0xdc (size before relaxing)
 .eh_frame      0x0000000000035368       0xa0 build/cooja/mtype199.a(memb.o)
                                         0xb8 (size before relaxing)
 .eh_frame      0x0000000000035408       0x20 build/cooja/mtype199.a(assert.o)
                                         0x38 (size before relaxing)
 .eh_frame      0x0000000000035428       0xa0 build/cooja/mtype199.a(ringbuf.o)
                                         0xb8 (size before relaxing)
 .eh_frame      0x00000000000354c8       0x48 build/cooja/mtype199.a(mac-sequence.o)
                                         0x60 (size before relaxing)
 .eh_frame      0x0000000000035510       0x20 build/cooja/mtype199.a(mac.o)
                                         0x38 (size before relaxing)
 .eh_frame      0x0000000000035530       0xa4 build/cooja/mtype199.a(framer-802154.o)
                                         0xbc (size before relaxing)
 .eh_frame      0x00000000000355d4      0x1a4 build/cooja/mtype199.a(frame802154.o)
                                        0x1bc (size before relaxing)
 .eh_frame      0x0000000000035778       0x40 build/cooja/mtype199.a(csma-security.o)
                                         0x58 (size before relaxing)
 .eh_frame      0x00000000000357b8      0x184 build/cooja/mtype199.a(uip-sr.o)
                                        0x19c (size before relaxing)
 .eh_frame      0x000000000003593c       0xe0 build/cooja/mtype199.a(uip-packetqueue)
                                         0xf8 (size before relaxing)
 .eh_frame      0x0000000000035a1c      0x124 build/cooja/mtype199.a(rpl-ext-header.)
                                        0x13c (size before relaxing)
 .eh_frame      0x0000000000035b40      0x148 build/cooja/mtype199.a(rpl-mrhof.o)
                                        0x160 (size before relaxing)
 .eh_frame      0x0000000000035c88        0x4 /usr/lib/gcc/i686-linux-gnu/5/crtendS.o
 *(.eh_frame.*)

.gcc_except_table
 *(.gcc_except_table .gcc_except_table.*)

.gnu_extab
 *(.gnu_extab*)

.exception_ranges
 *(.exception_ranges .exception_ranges*)
                0x0000000000036f10                . = DATA_SEGMENT_ALIGN (0x1000, 0x1000)

.eh_frame
 *(.eh_frame)
 *(.eh_frame.*)

.gnu_extab
 *(.gnu_extab)

.gcc_except_table
 *(.gcc_except_table .gcc_except_table.*)

.exception_ranges
 *(.exception_ranges .exception_ranges*)

.tdata
 *(.tdata .tdata.* .gnu.linkonce.td.*)

.tbss
 *(.tbss .tbss.* .gnu.linkonce.tb.*)
 *(.tcommon)

.preinit_array
 *(.preinit_array)

.init_array     0x0000000000036f10        0x4
 *(SORT(.init_array.*) SORT(.ctors.*))
 *(.init_array EXCLUDE_FILE(*crtend?.o *crtend.o *crtbegin?.o *crtbegin.o) .ctors)
 .init_array    0x0000000000036f10        0x4 /usr/lib/gcc/i686-linux-gnu/5/crtbeginS.o

.fini_array     0x0000000000036f14        0x4
 *(SORT(.fini_array.*) SORT(.dtors.*))
 *(.fini_array EXCLUDE_FILE(*crtend?.o *crtend.o *crtbegin?.o *crtbegin.o) .dtors)
 .fini_array    0x0000000000036f14        0x4 /usr/lib/gcc/i686-linux-gnu/5/crtbeginS.o

.ctors
 *crtbegin.o(.ctors)
 *crtbegin?.o(.ctors)
 *(EXCLUDE_FILE(*crtend?.o *crtend.o) .ctors)
 *(SORT(.ctors.*))
 *(.ctors)

.dtors
 *crtbegin.o(.dtors)
 *crtbegin?.o(.dtors)
 *(EXCLUDE_FILE(*crtend?.o *crtend.o) .dtors)
 *(SORT(.dtors.*))
 *(.dtors)

.jcr            0x0000000000036f18        0x4
 *(.jcr)
 .jcr           0x0000000000036f18        0x0 /usr/lib/gcc/i686-linux-gnu/5/crtbeginS.o
 .jcr           0x0000000000036f18        0x4 /usr/lib/gcc/i686-linux-gnu/5/crtendS.o

.data.rel.ro
 *(.data.rel.ro.local* .gnu.linkonce.d.rel.ro.local.*)
 *(.data.rel.ro .data.rel.ro.* .gnu.linkonce.d.rel.ro.*)

.dynamic        0x0000000000036f1c       0xd0
 *(.dynamic)
 .dynamic       0x0000000000036f1c       0xd0 /usr/lib/gcc/i686-linux-gnu/5/../../../i386-linux-gnu/crti.o
                0x0000000000036f1c                _DYNAMIC

.got            0x0000000000036fec       0x14
 *(.got)
 .got           0x0000000000036fec       0x14 /usr/lib/gcc/i686-linux-gnu/5/../../../i386-linux-gnu/crti.o
 *(.igot)
                0x0000000000037ff4                . = DATA_SEGMENT_RELRO_END (., (SIZEOF (.got.plt) >= 0xc)?0xc:0x0)

.got.plt        0x0000000000037000        0xc
 *(.got.plt)
 .got.plt       0x0000000000037000        0xc /usr/lib/gcc/i686-linux-gnu/5/../../../i386-linux-gnu/crti.o
                0x0000000000037000                _GLOBAL_OFFSET_TABLE_
 *(.igot.plt)

.data           0x0000000000037020      0x3c4
 *(.data .data.* .gnu.linkonce.d.*)
 .data          0x0000000000037020        0x0 /usr/lib/gcc/i686-linux-gnu/5/../../../i386-linux-gnu/crti.o
 .data          0x0000000000037020        0x0 /usr/lib/gcc/i686-linux-gnu/5/crtbeginS.o
 .data.rel.local
                0x0000000000037020        0x4 /usr/lib/gcc/i686-linux-gnu/5/crtbeginS.o
                0x0000000000037020                __dso_handle
 .data          0x0000000000037024       0x14 mqtt-client.o
                0x0000000000037028                mqtt_client_process
 *fill*         0x0000000000037038        0x8 
 .data          0x0000000000037040       0x44 build/cooja/mtype199.o
                0x0000000000037040                simInterfaces
                0x0000000000037074                sensors
 .data          0x0000000000037084        0x0 build/cooja/mtype199.a(simEnvChange.o)
 .data          0x0000000000037084        0x0 build/cooja/mtype199.a(cooja_mt.o)
 .data          0x0000000000037084        0x0 build/cooja/mtype199.a(cooja_mtarch.o)
 .data          0x0000000000037084        0x0 build/cooja/mtype199.a(rtimer-arch.o)
 .data          0x0000000000037084        0x0 build/cooja/mtype199.a(beep.o)
 .data          0x0000000000037084        0x0 build/cooja/mtype199.a(leds-arch.o)
 .data          0x0000000000037084        0x0 build/cooja/mtype199.a(moteid.o)
 .data          0x0000000000037084        0x0 build/cooja/mtype199.a(pir-sensor.o)
 .data          0x0000000000037084        0x0 build/cooja/mtype199.a(rs232.o)
 .data          0x0000000000037084        0x0 build/cooja/mtype199.a(vib-sensor.o)
 .data          0x0000000000037084        0x0 build/cooja/mtype199.a(clock.o)
 .data          0x0000000000037084        0x0 build/cooja/mtype199.a(cooja-log.o)
 .data          0x0000000000037084        0x0 build/cooja/mtype199.a(cfs-cooja.o)
 .data          0x0000000000037084       0x2c build/cooja/mtype199.a(cooja-radio.o)
                0x0000000000037084                simRadioHWOn
                0x0000000000037088                simSignalStrength
                0x000000000003708c                simLastSignalStrength
                0x0000000000037090                simPower
                0x0000000000037094                simRadioChannel
                0x0000000000037098                simLQI
                0x00000000000370a0                cooja_radio_process
 .data          0x00000000000370b0        0x0 build/cooja/mtype199.a(eeprom.o)
 .data          0x00000000000370b0        0x0 build/cooja/mtype199.a(random.o)
 .data          0x00000000000370b0       0x10 build/cooja/mtype199.a(sensors.o)
                0x00000000000370b0                sensors_process
 .data          0x00000000000370c0        0x0 build/cooja/mtype199.a(leds.o)
 .data          0x00000000000370c0        0x0 build/cooja/mtype199.a(gpio-hal-arch.o)
 .data          0x00000000000370c0       0x78 build/cooja/mtype199.a(buttons.o)
                0x00000000000370c0                simButtonIsActive
                0x0000000000037130                button_hal_buttons
 .data          0x0000000000037138       0x14 build/cooja/mtype199.a(mqtt.o)
                0x000000000003713c                mqtt_process
 .data          0x000000000003714c        0x0 build/cooja/mtype199.a(contiki-main.o)
 .data          0x000000000003714c        0x0 build/cooja/mtype199.a(autostart.o)
 .data          0x000000000003714c       0x14 build/cooja/mtype199.a(ctimer.o)
                0x0000000000037150                ctimer_process
 .data          0x0000000000037160        0x0 build/cooja/mtype199.a(energest.o)
 .data          0x0000000000037160       0x10 build/cooja/mtype199.a(etimer.o)
                0x0000000000037160                etimer_process
 *fill*         0x0000000000037170       0x10 
 .data          0x0000000000037180       0xbc build/cooja/mtype199.a(log.o)
                0x0000000000037180                curr_log_level_main
                0x00000000000371a0                all_modules
 .data          0x000000000003723c        0x0 build/cooja/mtype199.a(process.o)
 .data          0x000000000003723c        0x0 build/cooja/mtype199.a(rtimer.o)
 .data          0x000000000003723c        0x0 build/cooja/mtype199.a(node-id.o)
 .data          0x000000000003723c        0x0 build/cooja/mtype199.a(timer.o)
 .data          0x000000000003723c        0x0 build/cooja/mtype199.a(list.o)
 .data          0x000000000003723c       0x10 build/cooja/mtype199.a(button-hal.o)
                0x000000000003723c                button_hal_process
 .data          0x000000000003724c       0x10 build/cooja/mtype199.a(serial-line.o)
                0x000000000003724c                serial_line_process
 .data          0x000000000003725c        0x4 build/cooja/mtype199.a(gpio-hal.o)
 .data          0x0000000000037260       0x18 build/cooja/mtype199.a(queuebuf.o)
 .data          0x0000000000037278       0x10 build/cooja/mtype199.a(nbr-table.o)
 .data          0x0000000000037288        0x4 build/cooja/mtype199.a(packetbuf.o)
 .data          0x000000000003728c        0x4 build/cooja/mtype199.a(netstack.o)
 .data          0x0000000000037290        0x0 build/cooja/mtype199.a(linkaddr.o)
 .data          0x0000000000037290       0x14 build/cooja/mtype199.a(link-stats.o)
 .data          0x00000000000372a4        0x0 build/cooja/mtype199.a(csma.o)
 .data          0x00000000000372a4       0x28 build/cooja/mtype199.a(csma-output.o)
 .data          0x00000000000372cc        0x0 build/cooja/mtype199.a(uipbuf.o)
 .data          0x00000000000372cc       0x20 build/cooja/mtype199.a(uip-icmp6.o)
 .data          0x00000000000372ec        0x0 build/cooja/mtype199.a(uip-ds6.o)
 .data          0x00000000000372ec       0x14 build/cooja/mtype199.a(tcp-socket.o)
                0x00000000000372f0                tcp_socket_process
 .data          0x0000000000037300       0x10 build/cooja/mtype199.a(tcpip.o)
                0x0000000000037300                tcpip_process
 .data          0x0000000000037310       0x10 build/cooja/mtype199.a(uip-ds6-route.o)
 .data          0x0000000000037320        0x0 build/cooja/mtype199.a(uip6.o)
 .data          0x0000000000037320       0x14 build/cooja/mtype199.a(uip-ds6-nbr.o)
 .data          0x0000000000037334        0xc build/cooja/mtype199.a(uip-nd6.o)
 .data          0x0000000000037340        0x0 build/cooja/mtype199.a(sicslowpan.o)
 .data          0x0000000000037340        0x0 build/cooja/mtype199.a(uiplib.o)
 .data          0x0000000000037340        0x0 build/cooja/mtype199.a(rpl-nbr-policy.)
 .data          0x0000000000037340       0x14 build/cooja/mtype199.a(rpl-neighbor.o)
                0x0000000000037350                rpl_neighbors
 .data          0x0000000000037354        0x0 build/cooja/mtype199.a(rpl-timers.o)
 .data          0x0000000000037354        0x0 build/cooja/mtype199.a(rpl.o)
 .data          0x0000000000037354       0x30 build/cooja/mtype199.a(rpl-icmp6.o)
 .data          0x0000000000037384        0x0 build/cooja/mtype199.a(rpl-dag.o)
 .data          0x0000000000037384        0x0 build/cooja/mtype199.a(rpl-dag-root.o)
 .data          0x0000000000037384        0x0 build/cooja/mtype199.a(watchdog.o)
 .data          0x0000000000037384        0x0 build/cooja/mtype199.a(int-master.o)
 .data          0x0000000000037384        0x0 build/cooja/mtype199.a(stimer.o)
 .data          0x0000000000037384        0x0 build/cooja/mtype199.a(memb.o)
 .data          0x0000000000037384        0x0 build/cooja/mtype199.a(assert.o)
 .data          0x0000000000037384        0x0 build/cooja/mtype199.a(ringbuf.o)
 .data          0x0000000000037384        0x0 build/cooja/mtype199.a(mac-sequence.o)
 .data          0x0000000000037384        0x0 build/cooja/mtype199.a(mac.o)
 .data          0x0000000000037384        0x0 build/cooja/mtype199.a(framer-802154.o)
 .data          0x0000000000037384        0x2 build/cooja/mtype199.a(frame802154.o)
 .data          0x0000000000037386        0x0 build/cooja/mtype199.a(csma-security.o)
 *fill*         0x0000000000037386        0x2 
 .data          0x0000000000037388       0x10 build/cooja/mtype199.a(uip-sr.o)
 .data          0x0000000000037398        0xc build/cooja/mtype199.a(uip-packetqueue)
 .data          0x00000000000373a4        0x0 build/cooja/mtype199.a(rpl-ext-header.)
 *fill*         0x00000000000373a4       0x1c 
 .data          0x00000000000373c0       0x24 build/cooja/mtype199.a(rpl-mrhof.o)
                0x00000000000373c0                rpl_mrhof
 .data          0x00000000000373e4        0x0 /usr/lib/gcc/i686-linux-gnu/5/crtendS.o
 .data          0x00000000000373e4        0x0 /usr/lib/gcc/i686-linux-gnu/5/../../../i386-linux-gnu/crtn.o

.tm_clone_table
                0x00000000000373e4        0x0
 .tm_clone_table
                0x00000000000373e4        0x0 /usr/lib/gcc/i686-linux-gnu/5/crtbeginS.o
 .tm_clone_table
                0x00000000000373e4        0x0 /usr/lib/gcc/i686-linux-gnu/5/crtendS.o

.data1
 *(.data1)
                0x00000000000373e4                _edata = .
                [!provide]                        PROVIDE (edata, .)
                0x00000000000373e4                . = .
                0x00000000000373e4                __bss_start = .

.bss            0x0000000000037400    0x14624
 *(.dynbss)
 .dynbss        0x0000000000037400        0x0 /usr/lib/gcc/i686-linux-gnu/5/../../../i386-linux-gnu/crti.o
 *(.bss .bss.* .gnu.linkonce.b.*)
 .bss           0x0000000000037400        0x0 /usr/lib/gcc/i686-linux-gnu/5/../../../i386-linux-gnu/crti.o
 .bss           0x0000000000037400        0x1 /usr/lib/gcc/i686-linux-gnu/5/crtbeginS.o
 *fill*         0x0000000000037401       0x1f 
 .bss           0x0000000000037420      0xbb8 mqtt-client.o
 *fill*         0x0000000000037fd8        0x8 
 .bss           0x0000000000037fe0     0x2040 build/cooja/mtype199.o
 .bss           0x000000000003a020        0x1 build/cooja/mtype199.a(simEnvChange.o)
                0x000000000003a020                simDontFallAsleep
 *fill*         0x000000000003a021        0x3 
 .bss           0x000000000003a024        0x4 build/cooja/mtype199.a(cooja_mt.o)
 .bss           0x000000000003a028        0x4 build/cooja/mtype199.a(cooja_mtarch.o)
 .bss           0x000000000003a02c        0x0 build/cooja/mtype199.a(rtimer-arch.o)
 .bss           0x000000000003a02c        0x0 build/cooja/mtype199.a(beep.o)
 .bss           0x000000000003a02c        0x1 build/cooja/mtype199.a(leds-arch.o)
                0x000000000003a02c                simLedsValue
 .bss           0x000000000003a02d        0x0 build/cooja/mtype199.a(moteid.o)
 .bss           0x000000000003a02d        0x1 build/cooja/mtype199.a(pir-sensor.o)
                0x000000000003a02d                simPirValue
 *fill*         0x000000000003a02e        0x2 
 .bss           0x000000000003a030        0x4 build/cooja/mtype199.a(rs232.o)
 .bss           0x000000000003a034        0x1 build/cooja/mtype199.a(vib-sensor.o)
                0x000000000003a034                simVibValue
 .bss           0x000000000003a035        0x0 build/cooja/mtype199.a(clock.o)
 *fill*         0x000000000003a035        0xb 
 .bss           0x000000000003a040     0x2020 build/cooja/mtype199.a(cooja-log.o)
 .bss           0x000000000003c060      0xfc0 build/cooja/mtype199.a(cfs-cooja.o)
                0x000000000003c060                simCFSData
                0x000000000003d000                simCFSSize
                0x000000000003d004                simCFSChanged
                0x000000000003d008                simCFSRead
                0x000000000003d00c                simCFSWritten
 .bss           0x000000000003d020       0x24 build/cooja/mtype199.a(cooja-radio.o)
                0x000000000003d020                simReceiving
                0x000000000003d024                simInSize
                0x000000000003d028                simLastPacketTimestamp
                0x000000000003d030                simOutSize
 .bss           0x000000000003d044        0xc build/cooja/mtype199.a(eeprom.o)
                0x000000000003d044                simEEPROMChanged
                0x000000000003d048                simEEPROMRead
                0x000000000003d04c                simEEPROMWritten
 .bss           0x000000000003d050        0x0 build/cooja/mtype199.a(random.o)
 .bss           0x000000000003d050        0xc build/cooja/mtype199.a(sensors.o)
 .bss           0x000000000003d05c        0x0 build/cooja/mtype199.a(leds.o)
 .bss           0x000000000003d05c       0x24 build/cooja/mtype199.a(gpio-hal-arch.o)
 .bss           0x000000000003d080        0x0 build/cooja/mtype199.a(buttons.o)
 .bss           0x000000000003d080       0x15 build/cooja/mtype199.a(mqtt.o)
 .bss           0x000000000003d095        0x0 build/cooja/mtype199.a(contiki-main.o)
 .bss           0x000000000003d095        0x0 build/cooja/mtype199.a(autostart.o)
 *fill*         0x000000000003d095        0x3 
 .bss           0x000000000003d098        0x5 build/cooja/mtype199.a(ctimer.o)
 .bss           0x000000000003d09d        0x0 build/cooja/mtype199.a(energest.o)
 *fill*         0x000000000003d09d        0x3 
 .bss           0x000000000003d0a0        0x8 build/cooja/mtype199.a(etimer.o)
 .bss           0x000000000003d0a8       0x2c build/cooja/mtype199.a(log.o)
                0x000000000003d0a8                curr_log_level_rpl
                0x000000000003d0ac                curr_log_level_tcpip
                0x000000000003d0b0                curr_log_level_ipv6
                0x000000000003d0b4                curr_log_level_6lowpan
                0x000000000003d0b8                curr_log_level_nullnet
                0x000000000003d0bc                curr_log_level_mac
                0x000000000003d0c0                curr_log_level_framer
                0x000000000003d0c4                curr_log_level_6top
                0x000000000003d0c8                curr_log_level_coap
                0x000000000003d0cc                curr_log_level_snmp
                0x000000000003d0d0                curr_log_level_lwm2m
 *fill*         0x000000000003d0d4        0xc 
 .bss           0x000000000003d0e0      0x1a1 build/cooja/mtype199.a(process.o)
                0x000000000003d0e0                process_list
                0x000000000003d0e4                process_current
 *fill*         0x000000000003d281        0x3 
 .bss           0x000000000003d284        0x4 build/cooja/mtype199.a(rtimer.o)
 .bss           0x000000000003d288        0x2 build/cooja/mtype199.a(node-id.o)
                0x000000000003d288                node_id
 .bss           0x000000000003d28a        0x0 build/cooja/mtype199.a(timer.o)
 .bss           0x000000000003d28a        0x0 build/cooja/mtype199.a(list.o)
 *fill*         0x000000000003d28a        0x2 
 .bss           0x000000000003d28c       0x10 build/cooja/mtype199.a(button-hal.o)
 *fill*         0x000000000003d29c        0x4 
 .bss           0x000000000003d2a0      0x140 build/cooja/mtype199.a(serial-line.o)
 .bss           0x000000000003d3e0        0x4 build/cooja/mtype199.a(gpio-hal.o)
 *fill*         0x000000000003d3e4       0x1c 
 .bss           0x000000000003d400     0x2c80 build/cooja/mtype199.a(queuebuf.o)
 .bss           0x0000000000040080     0x1214 build/cooja/mtype199.a(nbr-table.o)
 *fill*         0x0000000000041294        0xc 
 .bss           0x00000000000412a0       0xa0 build/cooja/mtype199.a(packetbuf.o)
 .bss           0x0000000000041340        0x4 build/cooja/mtype199.a(netstack.o)
 .bss           0x0000000000041344        0x0 build/cooja/mtype199.a(linkaddr.o)
 *fill*         0x0000000000041344       0x1c 
 .bss           0x0000000000041360      0xe10 build/cooja/mtype199.a(link-stats.o)
 .bss           0x0000000000042170        0x0 build/cooja/mtype199.a(csma.o)
 *fill*         0x0000000000042170       0x10 
 .bss           0x0000000000042180      0x726 build/cooja/mtype199.a(csma-output.o)
 *fill*         0x00000000000428a6        0x2 
 .bss           0x00000000000428a8       0x20 build/cooja/mtype199.a(uipbuf.o)
 .bss           0x00000000000428c8       0x18 build/cooja/mtype199.a(uip-icmp6.o)
 .bss           0x00000000000428e0       0x30 build/cooja/mtype199.a(uip-ds6.o)
 .bss           0x0000000000042910        0x5 build/cooja/mtype199.a(tcp-socket.o)
 *fill*         0x0000000000042915        0xb 
 .bss           0x0000000000042920       0xc4 build/cooja/mtype199.a(tcpip.o)
 *fill*         0x00000000000429e4       0x1c 
 .bss           0x0000000000042a00       0x60 build/cooja/mtype199.a(uip-ds6-route.o)
 .bss           0x0000000000042a60        0xc build/cooja/mtype199.a(uip6.o)
                0x0000000000042a60                uip_ext_bitmap
                0x0000000000042a62                uip_ext_len
                0x0000000000042a64                uip_last_proto
 *fill*         0x0000000000042a6c       0x14 
 .bss           0x0000000000042a80     0x1c20 build/cooja/mtype199.a(uip-ds6-nbr.o)
 .bss           0x00000000000446a0       0x10 build/cooja/mtype199.a(uip-nd6.o)
 *fill*         0x00000000000446b0       0x10 
 .bss           0x00000000000446c0      0x724 build/cooja/mtype199.a(sicslowpan.o)
 .bss           0x0000000000044de4        0x0 build/cooja/mtype199.a(uiplib.o)
 .bss           0x0000000000044de4        0x0 build/cooja/mtype199.a(rpl-nbr-policy.)
 *fill*         0x0000000000044de4       0x1c 
 .bss           0x0000000000044e00      0x960 build/cooja/mtype199.a(rpl-neighbor.o)
 .bss           0x0000000000045760       0x40 build/cooja/mtype199.a(rpl-timers.o)
 .bss           0x00000000000457a0        0x1 build/cooja/mtype199.a(rpl.o)
 .bss           0x00000000000457a1        0x0 build/cooja/mtype199.a(rpl-icmp6.o)
 .bss           0x00000000000457a1        0x0 build/cooja/mtype199.a(rpl-dag.o)
 *fill*         0x00000000000457a1        0x3 
 .bss           0x00000000000457a4       0x11 build/cooja/mtype199.a(rpl-dag-root.o)
 .bss           0x00000000000457b5        0x0 build/cooja/mtype199.a(watchdog.o)
 *fill*         0x00000000000457b5        0x3 
 .bss           0x00000000000457b8        0x4 build/cooja/mtype199.a(int-master.o)
 .bss           0x00000000000457bc        0x0 build/cooja/mtype199.a(stimer.o)
 .bss           0x00000000000457bc        0x0 build/cooja/mtype199.a(memb.o)
 .bss           0x00000000000457bc        0x0 build/cooja/mtype199.a(assert.o)
 .bss           0x00000000000457bc        0x0 build/cooja/mtype199.a(ringbuf.o)
 *fill*         0x00000000000457bc        0x4 
 .bss           0x00000000000457c0      0x100 build/cooja/mtype199.a(mac-sequence.o)
 .bss           0x00000000000458c0        0x0 build/cooja/mtype199.a(mac.o)
 .bss           0x00000000000458c0        0x2 build/cooja/mtype199.a(framer-802154.o)
 .bss           0x00000000000458c2        0x0 build/cooja/mtype199.a(frame802154.o)
 .bss           0x00000000000458c2        0x0 build/cooja/mtype199.a(csma-security.o)
 *fill*         0x00000000000458c2       0x1e 
 .bss           0x00000000000458e0     0x1d80 build/cooja/mtype199.a(uip-sr.o)
 .bss           0x0000000000047660      0xa78 build/cooja/mtype199.a(uip-packetqueue)
 .bss           0x00000000000480d8        0x0 build/cooja/mtype199.a(rpl-ext-header.)
 .bss           0x00000000000480d8        0x0 build/cooja/mtype199.a(rpl-mrhof.o)
 .bss           0x00000000000480d8        0x0 /usr/lib/gcc/i686-linux-gnu/5/crtendS.o
 .bss           0x00000000000480d8        0x0 /usr/lib/gcc/i686-linux-gnu/5/../../../i386-linux-gnu/crtn.o
 *(COMMON)
 COMMON         0x00000000000480d8        0x8 build/cooja/mtype199.o
                0x00000000000480d8                referenceVar
                0x00000000000480dc                sensors_flags
 COMMON         0x00000000000480e0        0xc build/cooja/mtype199.a(simEnvChange.o)
                0x00000000000480e0                simEtimerPending
                0x00000000000480e4                simProcessRunValue
                0x00000000000480e8                simEtimerNextExpirationTime
 *fill*         0x00000000000480ec        0x4 
 COMMON         0x00000000000480f0       0x18 build/cooja/mtype199.a(rtimer-arch.o)
                0x00000000000480f0                simRtimerPending
                0x00000000000480f8                simRtimerCurrentTicks
                0x0000000000048100                simRtimerNextExpirationTime
 COMMON         0x0000000000048108        0x1 build/cooja/mtype199.a(beep.o)
                0x0000000000048108                simBeeped
 *fill*         0x0000000000048109        0x3 
 COMMON         0x000000000004810c        0xc build/cooja/mtype199.a(moteid.o)
                0x000000000004810c                simRandomSeed
                0x0000000000048110                simMoteIDChanged
                0x0000000000048114                simMoteID
 COMMON         0x0000000000048118        0x2 build/cooja/mtype199.a(pir-sensor.o)
                0x0000000000048118                simPirIsActive
                0x0000000000048119                simPirChanged
 *fill*         0x000000000004811a        0x6 
 COMMON         0x0000000000048120      0x820 build/cooja/mtype199.a(rs232.o)
                0x0000000000048120                simSerialReceivingFlag
                0x0000000000048124                simSerialReceivingLength
                0x0000000000048140                simSerialReceivingData
 COMMON         0x0000000000048940        0x2 build/cooja/mtype199.a(vib-sensor.o)
                0x0000000000048940                simVibChanged
                0x0000000000048941                simVibIsActive
 *fill*         0x0000000000048942        0x2 
 COMMON         0x0000000000048944        0x4 build/cooja/mtype199.a(clock.o)
                0x0000000000048944                simCurrentTime
 *fill*         0x0000000000048948       0x18 
 COMMON         0x0000000000048960     0x2020 build/cooja/mtype199.a(cooja-log.o)
                0x0000000000048960                simLoggedLength
                0x0000000000048964                simLoggedFlag
                0x0000000000048980                simLoggedData
 COMMON         0x000000000004a980       0xfd build/cooja/mtype199.a(cooja-radio.o)
                0x000000000004a980                simOutDataBuffer
                0x000000000004aa00                simInDataBuffer
 *fill*         0x000000000004aa7d        0x3 
 COMMON         0x000000000004aa80      0x400 build/cooja/mtype199.a(eeprom.o)
                0x000000000004aa80                simEEPROMData
 COMMON         0x000000000004ae80        0x1 build/cooja/mtype199.a(sensors.o)
                0x000000000004ae80                sensors_event
 COMMON         0x000000000004ae81        0x2 build/cooja/mtype199.a(buttons.o)
                0x000000000004ae81                simButtonIsDown
                0x000000000004ae82                simButtonChanged
 COMMON         0x000000000004ae83        0x1 build/cooja/mtype199.a(mqtt.o)
                0x000000000004ae83                mqtt_update_event
 COMMON         0x000000000004ae84        0x3 build/cooja/mtype199.a(button-hal.o)
                0x000000000004ae84                button_hal_periodic_event
                0x000000000004ae85                button_hal_press_event
                0x000000000004ae86                button_hal_release_event
 COMMON         0x000000000004ae87        0x1 build/cooja/mtype199.a(serial-line.o)
                0x000000000004ae87                serial_line_event_message
 COMMON         0x000000000004ae88       0x2c build/cooja/mtype199.a(packetbuf.o)
                0x000000000004ae88                packetbuf_attrs
                0x000000000004aea4                packetbuf_addrs
 COMMON         0x000000000004aeb4        0x8 build/cooja/mtype199.a(linkaddr.o)
                0x000000000004aeb4                linkaddr_node_addr
 *fill*         0x000000000004aebc        0x4 
 COMMON         0x000000000004aec0       0x20 build/cooja/mtype199.a(link-stats.o)
                0x000000000004aec0                periodic_timer
 COMMON         0x000000000004aee0      0x1a5 build/cooja/mtype199.a(uip-ds6.o)
                0x000000000004aee0                uip_ds6_prefix_list
                0x000000000004af40                uip_ds6_timer_periodic
                0x000000000004af50                uip_ds6_netif_addr_list_offset
                0x000000000004af60                uip_ds6_if
                0x000000000004b07c                uip_ds6_timer_ra
                0x000000000004b084                uip_ds6_addr_size
 COMMON         0x000000000004b085        0x1 build/cooja/mtype199.a(tcpip.o)
                0x000000000004b085                tcpip_event
 *fill*         0x000000000004b086       0x1a 
 COMMON         0x000000000004b0a0      0x808 build/cooja/mtype199.a(uip6.o)
                0x000000000004b0a0                uip_slen
                0x000000000004b0a4                uip_acc32
                0x000000000004b0c0                uip_conns
                0x000000000004b240                uip_lladdr
                0x000000000004b248                uip_appdata
                0x000000000004b24c                uip_flags
                0x000000000004b260                uip_aligned_buf
                0x000000000004b760                uip_listenports
                0x000000000004b788                uip_len
                0x000000000004b78c                uip_sappdata
                0x000000000004b7a0                uip_udp_conns
                0x000000000004b8a0                uip_udp_conn
                0x000000000004b8a4                uip_conn
 COMMON         0x000000000004b8a8       0x10 build/cooja/mtype199.a(rpl.o)
                0x000000000004b8a8                rpl_multicast_addr
 *fill*         0x000000000004b8b8        0x8 
 COMMON         0x000000000004b8c0      0x164 build/cooja/mtype199.a(rpl-dag.o)
                0x000000000004b8c0                curr_instance
                0x000000000004ba24                . = ALIGN ((. != 0x0)?0x4:0x1)
                0x000000000004ba24                . = ALIGN (0x4)
                0x000000000004ba24                . = SEGMENT_START ("ldata-segment", .)